2025-11-06 16:47:30,519 [INFO] Logging initialized. Level: INFO, File: pypiv.log
2025-11-06 16:47:35,022 [INFO] Logging initialized. Level: INFO, File: pypiv.log
2025-11-06 16:47:35,031 [INFO] Logging initialized. Level: INFO, File: pypiv.log
2025-11-06 16:47:35,032 [INFO] Logging initialized. Level: INFO, File: pypiv.log
2025-11-06 16:47:35,035 [INFO] Logging initialized. Level: INFO, File: pypiv.log
2025-11-06 16:47:35,049 [INFO] Logging initialized. Level: INFO, File: pypiv.log
2025-11-06 16:47:35,065 [INFO] Logging initialized. Level: INFO, File: pypiv.log
2025-11-06 16:47:35,097 [INFO] Logging initialized. Level: INFO, File: pypiv.log
2025-11-06 16:47:35,099 [INFO] Logging initialized. Level: INFO, File: pypiv.log
2025-11-06 16:47:35,105 [INFO] Logging initialized. Level: INFO, File: pypiv.log
2025-11-06 16:47:35,105 [INFO] Logging initialized. Level: INFO, File: pypiv.log
2025-11-06 16:47:35,395 [INFO] Worker logging configured successfully
2025-11-06 16:47:35,395 [INFO] Worker logging configured successfully
2025-11-06 16:47:35,395 [INFO] Worker logging configured successfully
2025-11-06 16:47:35,395 [INFO] Worker logging configured successfully
2025-11-06 16:47:35,395 [INFO] Worker logging configured successfully
2025-11-06 16:47:35,396 [INFO] Worker logging configured successfully
2025-11-06 16:47:35,397 [INFO] Worker logging configured successfully
2025-11-06 16:47:35,397 [INFO] Worker logging configured successfully
2025-11-06 16:47:35,398 [INFO] Worker logging configured successfully
2025-11-06 16:47:35,398 [INFO] Worker logging configured successfully
2025-11-06 16:47:35,400 [INFO] Dask cluster started successfully
2025-11-06 16:47:35,401 [INFO] Dask Worker Info:
2025-11-06 16:47:35,401 [INFO] Worker tcp://127.0.0.1:64749
2025-11-06 16:47:35,401 [INFO]   pid: None
2025-11-06 16:47:35,401 [INFO]   host: 127.0.0.1
2025-11-06 16:47:35,401 [INFO]   local_dir: C:\Users\mtt1e23\AppData\Local\Temp\dask-scratch-space\worker-2e_0jn_o
2025-11-06 16:47:35,401 [INFO]   nanny: True
2025-11-06 16:47:35,402 [INFO] Dask Worker Info:
2025-11-06 16:47:35,402 [INFO] Worker tcp://127.0.0.1:64754
2025-11-06 16:47:35,402 [INFO]   pid: None
2025-11-06 16:47:35,402 [INFO]   host: 127.0.0.1
2025-11-06 16:47:35,402 [INFO]   local_dir: C:\Users\mtt1e23\AppData\Local\Temp\dask-scratch-space\worker-60wdmz0p
2025-11-06 16:47:35,402 [INFO]   nanny: True
2025-11-06 16:47:35,402 [INFO] Dask Worker Info:
2025-11-06 16:47:35,402 [INFO] Worker tcp://127.0.0.1:64755
2025-11-06 16:47:35,402 [INFO]   pid: None
2025-11-06 16:47:35,402 [INFO]   host: 127.0.0.1
2025-11-06 16:47:35,403 [INFO]   local_dir: C:\Users\mtt1e23\AppData\Local\Temp\dask-scratch-space\worker-e9zukx5m
2025-11-06 16:47:35,403 [INFO]   nanny: True
2025-11-06 16:47:35,403 [INFO] Dask Worker Info:
2025-11-06 16:47:35,403 [INFO] Worker tcp://127.0.0.1:64764
2025-11-06 16:47:35,403 [INFO]   pid: None
2025-11-06 16:47:35,403 [INFO]   host: 127.0.0.1
2025-11-06 16:47:35,403 [INFO]   local_dir: C:\Users\mtt1e23\AppData\Local\Temp\dask-scratch-space\worker-xpq5ufum
2025-11-06 16:47:35,403 [INFO]   nanny: True
2025-11-06 16:47:35,403 [INFO] Dask Worker Info:
2025-11-06 16:47:35,403 [INFO] Worker tcp://127.0.0.1:64767
2025-11-06 16:47:35,403 [INFO]   pid: None
2025-11-06 16:47:35,404 [INFO]   host: 127.0.0.1
2025-11-06 16:47:35,404 [INFO]   local_dir: C:\Users\mtt1e23\AppData\Local\Temp\dask-scratch-space\worker-z7f2wllm
2025-11-06 16:47:35,404 [INFO]   nanny: True
2025-11-06 16:47:35,404 [INFO] Processing camera: Cam1
2025-11-06 16:47:36,095 [INFO] Auto-detected image shape: (3248, 4872)
2025-11-06 16:47:36.097 | INFO     | image_handling.load_images:load_images:223 - Loaded 120 images with optimal chunking: 4 chunks of size ~30
2025-11-06 16:47:36.112 | DEBUG    | image_handling.load_images:load_mask_for_camera:328 - Loading mask for Cam1 from D:\DAVIS_BFS\gF_Ramp_experiment\BFS_1500_1\mask_Cam1.mat
2025-11-06 16:47:36.171 | DEBUG    | image_handling.load_images:load_mask_for_camera:339 - Mask loaded: 5209970/15824256 pixels masked (32.9%)
2025-11-06 16:47:36,171 [INFO] Pre-computing vector masks for Cam1
2025-11-06 16:47:38.124 | DEBUG    | image_handling.load_images:compute_vector_mask:476 - Pass 1: 1240/3675 vectors masked (33.7%), window size: (128, 128)
2025-11-06 16:47:39.216 | DEBUG    | image_handling.load_images:compute_vector_mask:476 - Pass 2: 5083/15100 vectors masked (33.7%), window size: (64, 64)
2025-11-06 16:47:39.823 | DEBUG    | image_handling.load_images:compute_vector_mask:476 - Pass 3: 20446/61206 vectors masked (33.4%), window size: (32, 32)
2025-11-06 16:47:39,827 [INFO] Vector masks computed: 3 passes
2025-11-06 16:47:39,870 [INFO] Successfully cached window padding for 3 passes
2025-11-06 16:47:40,002 [INFO] Successfully cached interpolation grids for 3 passes
2025-11-06 16:47:41,024 [INFO] Pre-computed and broadcast correlator cache for distributed workers
2025-11-06 16:47:41,033 [INFO] Broadcast vector masks to all workers (78.1 KB total)
2025-11-06 16:47:41,033 [INFO] Processing batch 0-29 (30 images)
2025-11-06 16:48:37,760 - distributed.worker.memory - WARNING - Unmanaged memory use is high. This may indicate a memory leak or the memory may not be released to the OS; see https://distributed.dask.org/en/latest/worker-memory.html#memory-not-released-back-to-the-os for more information. -- Unmanaged memory: 3.75 GiB -- Worker memory limit: 5.59 GiB
2025-11-06 16:48:37,762 - distributed.worker.memory - WARNING - Unmanaged memory use is high. This may indicate a memory leak or the memory may not be released to the OS; see https://distributed.dask.org/en/latest/worker-memory.html#memory-not-released-back-to-the-os for more information. -- Unmanaged memory: 3.74 GiB -- Worker memory limit: 5.59 GiB
2025-11-06 16:48:37,846 - distributed.worker.memory - WARNING - Unmanaged memory use is high. This may indicate a memory leak or the memory may not be released to the OS; see https://distributed.dask.org/en/latest/worker-memory.html#memory-not-released-back-to-the-os for more information. -- Unmanaged memory: 3.80 GiB -- Worker memory limit: 5.59 GiB
2025-11-06 16:48:38,003 - distributed.worker.memory - WARNING - Unmanaged memory use is high. This may indicate a memory leak or the memory may not be released to the OS; see https://distributed.dask.org/en/latest/worker-memory.html#memory-not-released-back-to-the-os for more information. -- Unmanaged memory: 3.88 GiB -- Worker memory limit: 5.59 GiB
2025-11-06 16:48:38,004 - distributed.worker.memory - WARNING - Unmanaged memory use is high. This may indicate a memory leak or the memory may not be released to the OS; see https://distributed.dask.org/en/latest/worker-memory.html#memory-not-released-back-to-the-os for more information. -- Unmanaged memory: 3.78 GiB -- Worker memory limit: 5.59 GiB
2025-11-06 16:48:38,019 - distributed.worker.memory - WARNING - Unmanaged memory use is high. This may indicate a memory leak or the memory may not be released to the OS; see https://distributed.dask.org/en/latest/worker-memory.html#memory-not-released-back-to-the-os for more information. -- Unmanaged memory: 3.85 GiB -- Worker memory limit: 5.59 GiB
2025-11-06 16:48:38,023 - distributed.worker.memory - WARNING - Unmanaged memory use is high. This may indicate a memory leak or the memory may not be released to the OS; see https://distributed.dask.org/en/latest/worker-memory.html#memory-not-released-back-to-the-os for more information. -- Unmanaged memory: 3.92 GiB -- Worker memory limit: 5.59 GiB
2025-11-06 16:48:38,029 - distributed.worker.memory - WARNING - Unmanaged memory use is high. This may indicate a memory leak or the memory may not be released to the OS; see https://distributed.dask.org/en/latest/worker-memory.html#memory-not-released-back-to-the-os for more information. -- Unmanaged memory: 3.85 GiB -- Worker memory limit: 5.59 GiB
2025-11-06 16:48:38,045 - distributed.worker.memory - WARNING - Unmanaged memory use is high. This may indicate a memory leak or the memory may not be released to the OS; see https://distributed.dask.org/en/latest/worker-memory.html#memory-not-released-back-to-the-os for more information. -- Unmanaged memory: 3.86 GiB -- Worker memory limit: 5.59 GiB
2025-11-06 16:48:38,575 - distributed.worker.memory - WARNING - Unmanaged memory use is high. This may indicate a memory leak or the memory may not be released to the OS; see https://distributed.dask.org/en/latest/worker-memory.html#memory-not-released-back-to-the-os for more information. -- Unmanaged memory: 4.18 GiB -- Worker memory limit: 5.59 GiB
2025-11-06 16:48:46,216 - distributed.worker.memory - WARNING - Worker is at 80% memory usage. Pausing worker.  Process memory: 4.47 GiB -- Worker memory limit: 5.59 GiB
2025-11-06 16:48:46,323 - distributed.worker.memory - WARNING - Worker is at 80% memory usage. Pausing worker.  Process memory: 4.51 GiB -- Worker memory limit: 5.59 GiB
2025-11-06 16:48:46,325 - distributed.worker.memory - WARNING - Worker is at 80% memory usage. Pausing worker.  Process memory: 4.50 GiB -- Worker memory limit: 5.59 GiB
2025-11-06 16:48:46,327 - distributed.worker.memory - WARNING - Worker is at 80% memory usage. Pausing worker.  Process memory: 4.51 GiB -- Worker memory limit: 5.59 GiB
2025-11-06 16:48:46,344 - distributed.worker.memory - WARNING - Worker is at 80% memory usage. Pausing worker.  Process memory: 4.51 GiB -- Worker memory limit: 5.59 GiB
2025-11-06 16:48:46,349 - distributed.worker.memory - WARNING - Worker is at 77% memory usage. Resuming worker. Process memory: 4.32 GiB -- Worker memory limit: 5.59 GiB
2025-11-06 16:48:46,352 - distributed.worker.memory - WARNING - Worker is at 77% memory usage. Resuming worker. Process memory: 4.32 GiB -- Worker memory limit: 5.59 GiB
2025-11-06 16:48:46,371 - distributed.worker.memory - WARNING - Worker is at 80% memory usage. Pausing worker.  Process memory: 4.50 GiB -- Worker memory limit: 5.59 GiB
2025-11-06 16:48:46,373 - distributed.worker.memory - WARNING - Worker is at 80% memory usage. Pausing worker.  Process memory: 4.51 GiB -- Worker memory limit: 5.59 GiB
2025-11-06 16:48:46,444 - distributed.worker.memory - WARNING - Worker is at 79% memory usage. Resuming worker. Process memory: 4.46 GiB -- Worker memory limit: 5.59 GiB
2025-11-06 16:48:46,444 - distributed.worker.memory - WARNING - Worker is at 79% memory usage. Resuming worker. Process memory: 4.45 GiB -- Worker memory limit: 5.59 GiB
2025-11-06 16:48:46,444 - distributed.worker.memory - WARNING - Worker is at 80% memory usage. Pausing worker.  Process memory: 4.48 GiB -- Worker memory limit: 5.59 GiB
2025-11-06 16:48:46,444 - distributed.worker.memory - WARNING - Worker is at 80% memory usage. Pausing worker.  Process memory: 4.47 GiB -- Worker memory limit: 5.59 GiB
2025-11-06 16:48:46,444 - distributed.worker.memory - WARNING - Worker is at 79% memory usage. Resuming worker. Process memory: 4.46 GiB -- Worker memory limit: 5.59 GiB
2025-11-06 16:48:46,444 - distributed.worker.memory - WARNING - Worker is at 79% memory usage. Resuming worker. Process memory: 4.46 GiB -- Worker memory limit: 5.59 GiB
2025-11-06 16:48:46,444 - distributed.worker.memory - WARNING - Worker is at 79% memory usage. Resuming worker. Process memory: 4.45 GiB -- Worker memory limit: 5.59 GiB
2025-11-06 16:48:46,526 - distributed.worker.memory - WARNING - Worker is at 80% memory usage. Pausing worker.  Process memory: 4.50 GiB -- Worker memory limit: 5.59 GiB
2025-11-06 16:48:46,533 - distributed.worker.memory - WARNING - Worker is at 81% memory usage. Pausing worker.  Process memory: 4.55 GiB -- Worker memory limit: 5.59 GiB
2025-11-06 16:48:46,535 - distributed.worker.memory - WARNING - Worker is at 80% memory usage. Pausing worker.  Process memory: 4.50 GiB -- Worker memory limit: 5.59 GiB
2025-11-06 16:48:46,569 - distributed.worker.memory - WARNING - Worker is at 71% memory usage. Resuming worker. Process memory: 3.97 GiB -- Worker memory limit: 5.59 GiB
2025-11-06 16:48:46,570 - distributed.worker.memory - WARNING - Worker is at 71% memory usage. Resuming worker. Process memory: 3.97 GiB -- Worker memory limit: 5.59 GiB
2025-11-06 16:48:46,784 - distributed.worker.memory - WARNING - Worker is at 71% memory usage. Resuming worker. Process memory: 3.97 GiB -- Worker memory limit: 5.59 GiB
2025-11-06 16:48:46,840 - distributed.worker.memory - WARNING - Worker is at 71% memory usage. Resuming worker. Process memory: 3.97 GiB -- Worker memory limit: 5.59 GiB
2025-11-06 16:48:46,858 - distributed.worker.memory - WARNING - Worker is at 81% memory usage. Pausing worker.  Process memory: 4.55 GiB -- Worker memory limit: 5.59 GiB
2025-11-06 16:48:46,937 - distributed.worker.memory - WARNING - Worker is at 71% memory usage. Resuming worker. Process memory: 3.97 GiB -- Worker memory limit: 5.59 GiB
2025-11-06 16:48:48,129 - distributed.worker.memory - WARNING - Worker is at 75% memory usage. Resuming worker. Process memory: 4.20 GiB -- Worker memory limit: 5.59 GiB
2025-11-06 16:48:48,449 - distributed.worker.memory - WARNING - Worker is at 80% memory usage. Pausing worker.  Process memory: 4.49 GiB -- Worker memory limit: 5.59 GiB
2025-11-06 16:48:48,449 - distributed.worker.memory - WARNING - Worker is at 80% memory usage. Pausing worker.  Process memory: 4.48 GiB -- Worker memory limit: 5.59 GiB
2025-11-06 16:48:48,533 - distributed.worker.memory - WARNING - Worker is at 80% memory usage. Pausing worker.  Process memory: 4.51 GiB -- Worker memory limit: 5.59 GiB
2025-11-06 16:48:48,548 - distributed.worker.memory - WARNING - Worker is at 82% memory usage. Pausing worker.  Process memory: 4.63 GiB -- Worker memory limit: 5.59 GiB
2025-11-06 16:48:48,548 - distributed.worker.memory - WARNING - Worker is at 81% memory usage. Pausing worker.  Process memory: 4.56 GiB -- Worker memory limit: 5.59 GiB
2025-11-06 16:48:48,549 - distributed.worker.memory - WARNING - Worker is at 80% memory usage. Pausing worker.  Process memory: 4.51 GiB -- Worker memory limit: 5.59 GiB
2025-11-06 16:48:48,549 - distributed.worker.memory - WARNING - Worker is at 81% memory usage. Pausing worker.  Process memory: 4.54 GiB -- Worker memory limit: 5.59 GiB
2025-11-06 16:48:48,636 - distributed.worker.memory - WARNING - Worker is at 79% memory usage. Resuming worker. Process memory: 4.44 GiB -- Worker memory limit: 5.59 GiB
2025-11-06 16:48:48,642 - distributed.worker.memory - WARNING - Worker is at 79% memory usage. Resuming worker. Process memory: 4.44 GiB -- Worker memory limit: 5.59 GiB
2025-11-06 16:48:48,652 - distributed.worker.memory - WARNING - Worker is at 79% memory usage. Resuming worker. Process memory: 4.44 GiB -- Worker memory limit: 5.59 GiB
2025-11-06 16:48:48,741 - distributed.worker.memory - WARNING - Worker is at 79% memory usage. Resuming worker. Process memory: 4.44 GiB -- Worker memory limit: 5.59 GiB
2025-11-06 16:48:48,745 - distributed.worker.memory - WARNING - Worker is at 82% memory usage. Pausing worker.  Process memory: 4.58 GiB -- Worker memory limit: 5.59 GiB
2025-11-06 16:48:48,745 - distributed.worker.memory - WARNING - Worker is at 82% memory usage. Pausing worker.  Process memory: 4.60 GiB -- Worker memory limit: 5.59 GiB
2025-11-06 16:48:48,745 - distributed.worker.memory - WARNING - Worker is at 79% memory usage. Resuming worker. Process memory: 4.47 GiB -- Worker memory limit: 5.59 GiB
2025-11-06 16:48:48,745 - distributed.worker.memory - WARNING - Worker is at 81% memory usage. Pausing worker.  Process memory: 4.57 GiB -- Worker memory limit: 5.59 GiB
2025-11-06 16:48:48,751 - distributed.worker.memory - WARNING - Worker is at 79% memory usage. Resuming worker. Process memory: 4.44 GiB -- Worker memory limit: 5.59 GiB
2025-11-06 16:48:48,839 - distributed.worker.memory - WARNING - Worker is at 82% memory usage. Pausing worker.  Process memory: 4.58 GiB -- Worker memory limit: 5.59 GiB
2025-11-06 16:48:48,840 - distributed.worker.memory - WARNING - Worker is at 81% memory usage. Pausing worker.  Process memory: 4.56 GiB -- Worker memory limit: 5.59 GiB
2025-11-06 16:48:48,841 - distributed.worker.memory - WARNING - Worker is at 82% memory usage. Pausing worker.  Process memory: 4.59 GiB -- Worker memory limit: 5.59 GiB
2025-11-06 16:48:48,942 - distributed.worker.memory - WARNING - Worker is at 74% memory usage. Resuming worker. Process memory: 4.15 GiB -- Worker memory limit: 5.59 GiB
2025-11-06 16:48:48,942 - distributed.worker.memory - WARNING - Worker is at 80% memory usage. Pausing worker.  Process memory: 4.49 GiB -- Worker memory limit: 5.59 GiB
2025-11-06 16:48:48,943 - distributed.worker.memory - WARNING - Worker is at 73% memory usage. Resuming worker. Process memory: 4.09 GiB -- Worker memory limit: 5.59 GiB
2025-11-06 16:48:48,975 - distributed.worker.memory - WARNING - Worker is at 73% memory usage. Resuming worker. Process memory: 4.09 GiB -- Worker memory limit: 5.59 GiB
2025-11-06 16:48:48,976 - distributed.worker.memory - WARNING - Worker is at 73% memory usage. Resuming worker. Process memory: 4.09 GiB -- Worker memory limit: 5.59 GiB
2025-11-06 16:48:49,034 - distributed.worker.memory - WARNING - Worker is at 74% memory usage. Resuming worker. Process memory: 4.15 GiB -- Worker memory limit: 5.59 GiB
2025-11-06 16:48:49,034 - distributed.worker.memory - WARNING - Worker is at 82% memory usage. Pausing worker.  Process memory: 4.59 GiB -- Worker memory limit: 5.59 GiB
2025-11-06 16:48:49,044 - distributed.worker.memory - WARNING - Worker is at 82% memory usage. Pausing worker.  Process memory: 4.63 GiB -- Worker memory limit: 5.59 GiB
2025-11-06 16:48:49,044 - distributed.worker.memory - WARNING - Worker is at 74% memory usage. Resuming worker. Process memory: 4.16 GiB -- Worker memory limit: 5.59 GiB
2025-11-06 16:48:49,045 - distributed.worker.memory - WARNING - Worker is at 74% memory usage. Resuming worker. Process memory: 4.14 GiB -- Worker memory limit: 5.59 GiB
2025-11-06 16:48:49,050 - distributed.worker.memory - WARNING - Worker is at 79% memory usage. Resuming worker. Process memory: 4.44 GiB -- Worker memory limit: 5.59 GiB
2025-11-06 16:48:49,136 - distributed.worker.memory - WARNING - Worker is at 82% memory usage. Pausing worker.  Process memory: 4.59 GiB -- Worker memory limit: 5.59 GiB
2025-11-06 16:48:49,245 - distributed.worker.memory - WARNING - Worker is at 80% memory usage. Pausing worker.  Process memory: 4.47 GiB -- Worker memory limit: 5.59 GiB
2025-11-06 16:48:49,246 - distributed.worker.memory - WARNING - Worker is at 81% memory usage. Pausing worker.  Process memory: 4.55 GiB -- Worker memory limit: 5.59 GiB
2025-11-06 16:48:49,246 - distributed.worker.memory - WARNING - Worker is at 80% memory usage. Pausing worker.  Process memory: 4.51 GiB -- Worker memory limit: 5.59 GiB
2025-11-06 16:48:49,245 - distributed.worker.memory - WARNING - Worker is at 82% memory usage. Pausing worker.  Process memory: 4.60 GiB -- Worker memory limit: 5.59 GiB
2025-11-06 16:48:49,246 - distributed.worker.memory - WARNING - Worker is at 80% memory usage. Pausing worker.  Process memory: 4.48 GiB -- Worker memory limit: 5.59 GiB
2025-11-06 16:48:49,271 - distributed.worker.memory - WARNING - Worker is at 73% memory usage. Resuming worker. Process memory: 4.09 GiB -- Worker memory limit: 5.59 GiB
2025-11-06 16:48:49,273 - distributed.worker.memory - WARNING - Worker is at 73% memory usage. Resuming worker. Process memory: 4.09 GiB -- Worker memory limit: 5.59 GiB
2025-11-06 16:48:49,275 - distributed.worker.memory - WARNING - Worker is at 73% memory usage. Resuming worker. Process memory: 4.09 GiB -- Worker memory limit: 5.59 GiB
2025-11-06 16:48:49,339 - distributed.worker.memory - WARNING - Worker is at 82% memory usage. Pausing worker.  Process memory: 4.61 GiB -- Worker memory limit: 5.59 GiB
2025-11-06 16:48:49,339 - distributed.worker.memory - WARNING - Worker is at 82% memory usage. Pausing worker.  Process memory: 4.60 GiB -- Worker memory limit: 5.59 GiB
2025-11-06 16:48:50,043 - distributed.worker.memory - WARNING - Worker is at 80% memory usage. Pausing worker.  Process memory: 4.50 GiB -- Worker memory limit: 5.59 GiB
2025-11-06 16:48:50,043 - distributed.worker.memory - WARNING - Worker is at 80% memory usage. Pausing worker.  Process memory: 4.48 GiB -- Worker memory limit: 5.59 GiB
2025-11-06 16:48:50,043 - distributed.worker.memory - WARNING - Worker is at 80% memory usage. Pausing worker.  Process memory: 4.49 GiB -- Worker memory limit: 5.59 GiB
2025-11-06 16:48:51,246 - distributed.worker.memory - WARNING - Worker is at 79% memory usage. Resuming worker. Process memory: 4.46 GiB -- Worker memory limit: 5.59 GiB
2025-11-06 16:48:51,247 - distributed.worker.memory - WARNING - Worker is at 79% memory usage. Resuming worker. Process memory: 4.42 GiB -- Worker memory limit: 5.59 GiB
2025-11-06 16:48:51,449 - distributed.worker.memory - WARNING - Worker is at 79% memory usage. Resuming worker. Process memory: 4.45 GiB -- Worker memory limit: 5.59 GiB
2025-11-06 16:48:52,638 - distributed.worker.memory - WARNING - Worker is at 79% memory usage. Resuming worker. Process memory: 4.45 GiB -- Worker memory limit: 5.59 GiB
2025-11-06 16:48:52,835 - distributed.worker.memory - WARNING - Worker is at 79% memory usage. Resuming worker. Process memory: 4.44 GiB -- Worker memory limit: 5.59 GiB
2025-11-06 16:48:52,843 - distributed.worker.memory - WARNING - Worker is at 79% memory usage. Resuming worker. Process memory: 4.47 GiB -- Worker memory limit: 5.59 GiB
2025-11-06 16:48:52,942 - distributed.worker.memory - WARNING - Worker is at 79% memory usage. Resuming worker. Process memory: 4.44 GiB -- Worker memory limit: 5.59 GiB
2025-11-06 16:48:53,039 - distributed.worker.memory - WARNING - Worker is at 79% memory usage. Resuming worker. Process memory: 4.46 GiB -- Worker memory limit: 5.59 GiB
2025-11-06 16:48:53,148 - distributed.worker.memory - WARNING - Worker is at 79% memory usage. Resuming worker. Process memory: 4.44 GiB -- Worker memory limit: 5.59 GiB
2025-11-06 16:48:53,242 - distributed.worker.memory - WARNING - Worker is at 79% memory usage. Resuming worker. Process memory: 4.44 GiB -- Worker memory limit: 5.59 GiB
