=== PIV Job piv_20251106_144310 Started ===
Command: C:\Users\mtt1e23\OneDrive - University of Southampton\Documents\python-PIVTOOLs\env\Scripts\python.exe C:\Users\mtt1e23\OneDrive - University of Southampton\Documents\python-PIVTOOLs\pypivtools\example.py
Working Directory: C:\Users\mtt1e23\OneDrive - University of Southampton\Documents\python-PIVTOOLs
==================================================

2025-11-06 14:43:12,409 [INFO] Logging initialized. Level: INFO, File: pypiv.log
2025-11-06 14:43:16,148 [INFO] Logging initialized. Level: INFO, File: pypiv.log
2025-11-06 14:43:16,193 [INFO] Logging initialized. Level: INFO, File: pypiv.log
2025-11-06 14:43:16,194 [INFO] Logging initialized. Level: INFO, File: pypiv.log
2025-11-06 14:43:16,202 [INFO] Logging initialized. Level: INFO, File: pypiv.log
2025-11-06 14:43:16,202 [INFO] Logging initialized. Level: INFO, File: pypiv.log
2025-11-06 14:43:16,206 [INFO] Logging initialized. Level: INFO, File: pypiv.log
2025-11-06 14:43:16,211 [INFO] Logging initialized. Level: INFO, File: pypiv.log
2025-11-06 14:43:16,219 [INFO] Logging initialized. Level: INFO, File: pypiv.log
2025-11-06 14:43:16,219 [INFO] Logging initialized. Level: INFO, File: pypiv.log
2025-11-06 14:43:16,219 [INFO] Logging initialized. Level: INFO, File: pypiv.log
2025-11-06 14:43:16,414 [INFO] Worker logging configured successfully
2025-11-06 14:43:16,414 [INFO] Worker logging configured successfully
2025-11-06 14:43:16,415 [INFO] Worker logging configured successfully
2025-11-06 14:43:16,415 [INFO] Worker logging configured successfully
2025-11-06 14:43:16,415 [INFO] Worker logging configured successfully
2025-11-06 14:43:16,416 [INFO] Worker logging configured successfully
2025-11-06 14:43:16,416 [INFO] Worker logging configured successfully
2025-11-06 14:43:16,416 [INFO] Worker logging configured successfully
2025-11-06 14:43:16,417 [INFO] Worker logging configured successfully
2025-11-06 14:43:16,417 [INFO] Worker logging configured successfully
2025-11-06 14:43:16,418 [INFO] Dask cluster started successfully
2025-11-06 14:43:16,419 [INFO] Dask Worker Info:
2025-11-06 14:43:16,419 [INFO] Worker tcp://127.0.0.1:55958
2025-11-06 14:43:16,419 [INFO]   pid: None
2025-11-06 14:43:16,419 [INFO]   host: 127.0.0.1
2025-11-06 14:43:16,420 [INFO]   local_dir: C:\Users\mtt1e23\AppData\Local\Temp\dask-scratch-space\worker-wsilgdse
2025-11-06 14:43:16,420 [INFO]   nanny: True
2025-11-06 14:43:16,420 [INFO] Dask Worker Info:
2025-11-06 14:43:16,420 [INFO] Worker tcp://127.0.0.1:55973
2025-11-06 14:43:16,420 [INFO]   pid: None
2025-11-06 14:43:16,420 [INFO]   host: 127.0.0.1
2025-11-06 14:43:16,420 [INFO]   local_dir: C:\Users\mtt1e23\AppData\Local\Temp\dask-scratch-space\worker-wzscj2sr
2025-11-06 14:43:16,420 [INFO]   nanny: True
2025-11-06 14:43:16,420 [INFO] Dask Worker Info:
2025-11-06 14:43:16,421 [INFO] Worker tcp://127.0.0.1:55980
2025-11-06 14:43:16,421 [INFO]   pid: None
2025-11-06 14:43:16,421 [INFO]   host: 127.0.0.1
2025-11-06 14:43:16,421 [INFO]   local_dir: C:\Users\mtt1e23\AppData\Local\Temp\dask-scratch-space\worker-1xxqqbvh
2025-11-06 14:43:16,421 [INFO]   nanny: True
2025-11-06 14:43:16,422 [INFO] Dask Worker Info:
2025-11-06 14:43:16,422 [INFO] Worker tcp://127.0.0.1:55983
2025-11-06 14:43:16,422 [INFO]   pid: None
2025-11-06 14:43:16,422 [INFO]   host: 127.0.0.1
2025-11-06 14:43:16,422 [INFO]   local_dir: C:\Users\mtt1e23\AppData\Local\Temp\dask-scratch-space\worker-w6r9lind
2025-11-06 14:43:16,422 [INFO]   nanny: True
2025-11-06 14:43:16,422 [INFO] Dask Worker Info:
2025-11-06 14:43:16,422 [INFO] Worker tcp://127.0.0.1:55988
2025-11-06 14:43:16,423 [INFO]   pid: None
2025-11-06 14:43:16,423 [INFO]   host: 127.0.0.1
2025-11-06 14:43:16,423 [INFO]   local_dir: C:\Users\mtt1e23\AppData\Local\Temp\dask-scratch-space\worker-hukiu8tc
2025-11-06 14:43:16,423 [INFO]   nanny: True
2025-11-06 14:43:16,423 [INFO] Processing camera: Cam1
2025-11-06 14:43:17,087 [INFO] Auto-detected image shape: (3248, 4872)
2025-11-06 14:43:17.089 | INFO     | image_handling.load_images:load_images:223 - Loaded 100 images with optimal chunking: 10 chunks of size ~10
2025-11-06 14:43:17.090 | DEBUG    | image_handling.load_images:load_mask_for_camera:328 - Loading mask for Cam1 from D:\DAVIS_BFS\gF_Ramp_experiment\BFS_1500_1\mask_Cam1.mat
2025-11-06 14:43:17.132 | DEBUG    | image_handling.load_images:load_mask_for_camera:339 - Mask loaded: 5209970/15824256 pixels masked (32.9%)
2025-11-06 14:43:17,132 [INFO] Pre-computing vector masks for Cam1
2025-11-06 14:43:19.087 | DEBUG    | image_handling.load_images:compute_vector_mask:476 - Pass 1: 1240/3675 vectors masked (33.7%), window size: (128, 128)
2025-11-06 14:43:20.193 | DEBUG    | image_handling.load_images:compute_vector_mask:476 - Pass 2: 5083/15100 vectors masked (33.7%), window size: (64, 64)
2025-11-06 14:43:20.802 | DEBUG    | image_handling.load_images:compute_vector_mask:476 - Pass 3: 20446/61206 vectors masked (33.4%), window size: (32, 32)
2025-11-06 14:43:20,806 [INFO] Vector masks computed: 3 passes
2025-11-06 14:43:20,813 [INFO] Successfully cached window padding for 3 passes
2025-11-06 14:43:20,973 [INFO] Successfully cached interpolation grids for 3 passes
2025-11-06 14:43:22,003 [INFO] Pre-computed and broadcast correlator cache for distributed workers
2025-11-06 14:43:22,016 [INFO] Broadcast vector masks to all workers (78.1 KB total)
2025-11-06 14:43:22,016 [INFO] Processing batch 0-9 (10 images)
2025-11-06 14:43:37,733 [INFO] Batch 0-9 completed successfully
2025-11-06 14:43:37,834 [INFO] Processing batch 10-19 (10 images)
