2025-11-06 15:02:22,905 [INFO] Logging initialized. Level: INFO, File: pypiv.log
2025-11-06 15:02:26,768 [INFO] Logging initialized. Level: INFO, File: pypiv.log
2025-11-06 15:02:26,791 [INFO] Logging initialized. Level: INFO, File: pypiv.log
2025-11-06 15:02:26,833 [INFO] Logging initialized. Level: INFO, File: pypiv.log
2025-11-06 15:02:26,852 [INFO] Logging initialized. Level: INFO, File: pypiv.log
2025-11-06 15:02:26,863 [INFO] Logging initialized. Level: INFO, File: pypiv.log
2025-11-06 15:02:26,867 [INFO] Logging initialized. Level: INFO, File: pypiv.log
2025-11-06 15:02:26,894 [INFO] Logging initialized. Level: INFO, File: pypiv.log
2025-11-06 15:02:26,894 [INFO] Logging initialized. Level: INFO, File: pypiv.log
2025-11-06 15:02:26,895 [INFO] Logging initialized. Level: INFO, File: pypiv.log
2025-11-06 15:02:26,899 [INFO] Logging initialized. Level: INFO, File: pypiv.log
2025-11-06 15:02:27,071 [INFO] Worker logging configured successfully
2025-11-06 15:02:27,072 [INFO] Worker logging configured successfully
2025-11-06 15:02:27,073 [INFO] Worker logging configured successfully
2025-11-06 15:02:27,073 [INFO] Worker logging configured successfully
2025-11-06 15:02:27,073 [INFO] Worker logging configured successfully
2025-11-06 15:02:27,073 [INFO] Worker logging configured successfully
2025-11-06 15:02:27,073 [INFO] Worker logging configured successfully
2025-11-06 15:02:27,073 [INFO] Worker logging configured successfully
2025-11-06 15:02:27,073 [INFO] Worker logging configured successfully
2025-11-06 15:02:27,074 [INFO] Worker logging configured successfully
2025-11-06 15:02:27,075 [INFO] Dask cluster started successfully
2025-11-06 15:02:27,077 [INFO] Dask Worker Info:
2025-11-06 15:02:27,077 [INFO] Worker tcp://127.0.0.1:63133
2025-11-06 15:02:27,077 [INFO]   pid: None
2025-11-06 15:02:27,077 [INFO]   host: 127.0.0.1
2025-11-06 15:02:27,077 [INFO]   local_dir: C:\Users\mtt1e23\AppData\Local\Temp\dask-scratch-space\worker-y4omsczt
2025-11-06 15:02:27,077 [INFO]   nanny: True
2025-11-06 15:02:27,078 [INFO] Dask Worker Info:
2025-11-06 15:02:27,078 [INFO] Worker tcp://127.0.0.1:63138
2025-11-06 15:02:27,078 [INFO]   pid: None
2025-11-06 15:02:27,078 [INFO]   host: 127.0.0.1
2025-11-06 15:02:27,078 [INFO]   local_dir: C:\Users\mtt1e23\AppData\Local\Temp\dask-scratch-space\worker-2c85u_mt
2025-11-06 15:02:27,078 [INFO]   nanny: True
2025-11-06 15:02:27,078 [INFO] Dask Worker Info:
2025-11-06 15:02:27,078 [INFO] Worker tcp://127.0.0.1:63145
2025-11-06 15:02:27,078 [INFO]   pid: None
2025-11-06 15:02:27,079 [INFO]   host: 127.0.0.1
2025-11-06 15:02:27,079 [INFO]   local_dir: C:\Users\mtt1e23\AppData\Local\Temp\dask-scratch-space\worker-1o9r7wyd
2025-11-06 15:02:27,079 [INFO]   nanny: True
2025-11-06 15:02:27,079 [INFO] Dask Worker Info:
2025-11-06 15:02:27,079 [INFO] Worker tcp://127.0.0.1:63152
2025-11-06 15:02:27,079 [INFO]   pid: None
2025-11-06 15:02:27,079 [INFO]   host: 127.0.0.1
2025-11-06 15:02:27,079 [INFO]   local_dir: C:\Users\mtt1e23\AppData\Local\Temp\dask-scratch-space\worker-4m4tvzyu
2025-11-06 15:02:27,080 [INFO]   nanny: True
2025-11-06 15:02:27,080 [INFO] Dask Worker Info:
2025-11-06 15:02:27,080 [INFO] Worker tcp://127.0.0.1:63153
2025-11-06 15:02:27,080 [INFO]   pid: None
2025-11-06 15:02:27,080 [INFO]   host: 127.0.0.1
2025-11-06 15:02:27,081 [INFO]   local_dir: C:\Users\mtt1e23\AppData\Local\Temp\dask-scratch-space\worker-e918p3_w
2025-11-06 15:02:27,081 [INFO]   nanny: True
2025-11-06 15:02:27,081 [INFO] Processing camera: Cam1
2025-11-06 15:02:27,742 [INFO] Auto-detected image shape: (3248, 4872)
2025-11-06 15:02:27.744 | INFO     | image_handling.load_images:load_images:223 - Loaded 100 images with optimal chunking: 10 chunks of size ~10
2025-11-06 15:02:27.744 | DEBUG    | image_handling.load_images:load_mask_for_camera:328 - Loading mask for Cam1 from D:\DAVIS_BFS\gF_Ramp_experiment\BFS_1500_1\mask_Cam1.mat
2025-11-06 15:02:27.794 | DEBUG    | image_handling.load_images:load_mask_for_camera:339 - Mask loaded: 5209970/15824256 pixels masked (32.9%)
2025-11-06 15:02:27,795 [INFO] Pre-computing vector masks for Cam1
2025-11-06 15:02:29.877 | DEBUG    | image_handling.load_images:compute_vector_mask:476 - Pass 1: 1240/3675 vectors masked (33.7%), window size: (128, 128)
2025-11-06 15:02:31.084 | DEBUG    | image_handling.load_images:compute_vector_mask:476 - Pass 2: 5083/15100 vectors masked (33.7%), window size: (64, 64)
2025-11-06 15:02:31.682 | DEBUG    | image_handling.load_images:compute_vector_mask:476 - Pass 3: 20446/61206 vectors masked (33.4%), window size: (32, 32)
2025-11-06 15:02:31,686 [INFO] Vector masks computed: 3 passes
2025-11-06 15:02:31,786 [INFO] Successfully cached window padding for 3 passes
2025-11-06 15:02:31,911 [INFO] Successfully cached interpolation grids for 3 passes
2025-11-06 15:02:32,973 [INFO] Pre-computed and broadcast correlator cache for distributed workers
2025-11-06 15:02:32,988 [INFO] Broadcast vector masks to all workers (78.1 KB total)
2025-11-06 15:02:32,988 [INFO] Processing batch 0-9 (10 images)
2025-11-06 15:02:49,207 [INFO] Batch 0-9 completed successfully
2025-11-06 15:02:49,318 [INFO] Processing batch 10-19 (10 images)
