2025-11-03 16:54:49,149 [INFO] Logging initialized. Level: INFO, File: pypiv.log
2025-11-03 16:54:49,153 [INFO] Auto-detected compute parameters:
2025-11-03 16:54:49,153 [INFO]   CPU cores: 20
2025-11-03 16:54:49,153 [INFO]   Total memory: 63.46 GB
2025-11-03 16:54:49,153 [INFO]   Workers per node: 20
2025-11-03 16:54:49,153 [INFO]   OMP threads: 2
2025-11-03 16:54:49,153 [INFO]   Memory per worker: 2.86GB
2025-11-03 16:54:49,153 [INFO]   Threads per worker: 1
2025-11-03 16:54:53,774 [INFO] Logging initialized. Level: INFO, File: pypiv.log
2025-11-03 16:54:53,820 [INFO] Logging initialized. Level: INFO, File: pypiv.log
2025-11-03 16:54:53,899 [INFO] Logging initialized. Level: INFO, File: pypiv.log
2025-11-03 16:54:53,941 [INFO] Logging initialized. Level: INFO, File: pypiv.log
2025-11-03 16:54:53,943 [INFO] Logging initialized. Level: INFO, File: pypiv.log
2025-11-03 16:54:53,969 [INFO] Logging initialized. Level: INFO, File: pypiv.log
2025-11-03 16:54:53,969 [INFO] Logging initialized. Level: INFO, File: pypiv.log
2025-11-03 16:54:53,980 [INFO] Logging initialized. Level: INFO, File: pypiv.log
2025-11-03 16:54:53,999 [INFO] Logging initialized. Level: INFO, File: pypiv.log
2025-11-03 16:54:54,017 [INFO] Logging initialized. Level: INFO, File: pypiv.log
2025-11-03 16:54:54,027 [INFO] Logging initialized. Level: INFO, File: pypiv.log
2025-11-03 16:54:54,033 [INFO] Logging initialized. Level: INFO, File: pypiv.log
2025-11-03 16:54:54,045 [INFO] Logging initialized. Level: INFO, File: pypiv.log
2025-11-03 16:54:54,051 [INFO] Logging initialized. Level: INFO, File: pypiv.log
2025-11-03 16:54:54,052 [INFO] Logging initialized. Level: INFO, File: pypiv.log
2025-11-03 16:54:54,069 [INFO] Logging initialized. Level: INFO, File: pypiv.log
2025-11-03 16:54:54,117 [INFO] Logging initialized. Level: INFO, File: pypiv.log
2025-11-03 16:54:54,144 [INFO] Logging initialized. Level: INFO, File: pypiv.log
2025-11-03 16:54:54,163 [INFO] Logging initialized. Level: INFO, File: pypiv.log
2025-11-03 16:54:54,180 [INFO] Logging initialized. Level: INFO, File: pypiv.log
2025-11-03 16:54:54,338 [INFO] Worker logging configured successfully
2025-11-03 16:54:54,338 [INFO] Worker logging configured successfully
2025-11-03 16:54:54,340 [INFO] Worker logging configured successfully
2025-11-03 16:54:54,340 [INFO] Worker logging configured successfully
2025-11-03 16:54:54,341 [INFO] Worker logging configured successfully
2025-11-03 16:54:54,341 [INFO] Worker logging configured successfully
2025-11-03 16:54:54,341 [INFO] Worker logging configured successfully
2025-11-03 16:54:54,342 [INFO] Worker logging configured successfully
2025-11-03 16:54:54,342 [INFO] Worker logging configured successfully
2025-11-03 16:54:54,342 [INFO] Worker logging configured successfully
2025-11-03 16:54:54,342 [INFO] Worker logging configured successfully
2025-11-03 16:54:54,342 [INFO] Worker logging configured successfully
2025-11-03 16:54:54,342 [INFO] Worker logging configured successfully
2025-11-03 16:54:54,344 [INFO] Worker logging configured successfully
2025-11-03 16:54:54,344 [INFO] Worker logging configured successfully
2025-11-03 16:54:54,344 [INFO] Worker logging configured successfully
2025-11-03 16:54:54,344 [INFO] Worker logging configured successfully
2025-11-03 16:54:54,344 [INFO] Worker logging configured successfully
2025-11-03 16:54:54,344 [INFO] Worker logging configured successfully
2025-11-03 16:54:54,344 [INFO] Worker logging configured successfully
2025-11-03 16:54:54,346 [INFO] Dask cluster started successfully
2025-11-03 16:54:54,347 [INFO] Dask Worker Info:
2025-11-03 16:54:54,347 [INFO] Worker tcp://127.0.0.1:55432
2025-11-03 16:54:54,347 [INFO]   pid: None
2025-11-03 16:54:54,348 [INFO]   host: 127.0.0.1
2025-11-03 16:54:54,348 [INFO]   local_dir: C:\Users\mtt1e23\AppData\Local\Temp\dask-scratch-space\worker-o4imst_5
2025-11-03 16:54:54,348 [INFO]   nanny: True
2025-11-03 16:54:54,348 [INFO] Dask Worker Info:
2025-11-03 16:54:54,348 [INFO] Worker tcp://127.0.0.1:55437
2025-11-03 16:54:54,348 [INFO]   pid: None
2025-11-03 16:54:54,348 [INFO]   host: 127.0.0.1
2025-11-03 16:54:54,349 [INFO]   local_dir: C:\Users\mtt1e23\AppData\Local\Temp\dask-scratch-space\worker-gz2c2j9f
2025-11-03 16:54:54,349 [INFO]   nanny: True
2025-11-03 16:54:54,349 [INFO] Dask Worker Info:
2025-11-03 16:54:54,349 [INFO] Worker tcp://127.0.0.1:55442
2025-11-03 16:54:54,349 [INFO]   pid: None
2025-11-03 16:54:54,349 [INFO]   host: 127.0.0.1
2025-11-03 16:54:54,349 [INFO]   local_dir: C:\Users\mtt1e23\AppData\Local\Temp\dask-scratch-space\worker-49x82pbt
2025-11-03 16:54:54,349 [INFO]   nanny: True
2025-11-03 16:54:54,349 [INFO] Dask Worker Info:
2025-11-03 16:54:54,349 [INFO] Worker tcp://127.0.0.1:55455
2025-11-03 16:54:54,349 [INFO]   pid: None
2025-11-03 16:54:54,349 [INFO]   host: 127.0.0.1
2025-11-03 16:54:54,350 [INFO]   local_dir: C:\Users\mtt1e23\AppData\Local\Temp\dask-scratch-space\worker-qoj8jcd8
2025-11-03 16:54:54,350 [INFO]   nanny: True
2025-11-03 16:54:54,350 [INFO] Dask Worker Info:
2025-11-03 16:54:54,350 [INFO] Worker tcp://127.0.0.1:55458
2025-11-03 16:54:54,350 [INFO]   pid: None
2025-11-03 16:54:54,350 [INFO]   host: 127.0.0.1
2025-11-03 16:54:54,350 [INFO]   local_dir: C:\Users\mtt1e23\AppData\Local\Temp\dask-scratch-space\worker-v8x1amoo
2025-11-03 16:54:54,350 [INFO]   nanny: True
2025-11-03 16:54:54,350 [INFO] Processing camera: Cam1 (1/2 cameras)
2025-11-03 16:54:54,350 [INFO] Loading images from set file in directory: C:\Users\mtt1e23\Downloads\ims\ims for camera: Cam1
2025-11-03 16:54:55,049 [INFO] Auto-detected image shape: (2048, 2048)
2025-11-03 16:54:55,060 [INFO] Pre-computing vector masks for Cam1
2025-11-03 16:54:56,312 [INFO] Vector masks computed: 3 passes
2025-11-03 16:54:56,320 [INFO] Successfully cached window padding for 3 passes
2025-11-03 16:54:56,377 [INFO] Successfully cached interpolation grids for 3 passes
2025-11-03 16:54:56,800 [INFO] Pre-computed and broadcast correlator cache for distributed workers
2025-11-03 16:55:03,561 [INFO] Worker saved coordinates to C:\Users\mtt1e23\OneDrive - University of Southampton\Documents\#current_processing\query_JHTDB\Planar_Images_with_wall\bailey\uncalibrated_piv\100\Cam1\instantaneous\coordinates.mat
