2025-11-03 16:59:01,424 [INFO] Logging initialized. Level: INFO, File: pypiv.log
2025-11-03 16:59:01,427 [INFO] Auto-detected compute parameters:
2025-11-03 16:59:01,428 [INFO]   CPU cores: 20
2025-11-03 16:59:01,428 [INFO]   Total memory: 63.46 GB
2025-11-03 16:59:01,428 [INFO]   Workers per node: 20
2025-11-03 16:59:01,428 [INFO]   OMP threads: 2
2025-11-03 16:59:01,428 [INFO]   Memory per worker: 2.86GB
2025-11-03 16:59:01,428 [INFO]   Threads per worker: 1
2025-11-03 16:59:05,897 [INFO] Logging initialized. Level: INFO, File: pypiv.log
2025-11-03 16:59:05,933 [INFO] Logging initialized. Level: INFO, File: pypiv.log
2025-11-03 16:59:05,937 [INFO] Logging initialized. Level: INFO, File: pypiv.log
2025-11-03 16:59:05,969 [INFO] Logging initialized. Level: INFO, File: pypiv.log
2025-11-03 16:59:05,984 [INFO] Logging initialized. Level: INFO, File: pypiv.log
2025-11-03 16:59:06,002 [INFO] Logging initialized. Level: INFO, File: pypiv.log
2025-11-03 16:59:06,025 [INFO] Logging initialized. Level: INFO, File: pypiv.log
2025-11-03 16:59:06,077 [INFO] Logging initialized. Level: INFO, File: pypiv.log
2025-11-03 16:59:06,097 [INFO] Logging initialized. Level: INFO, File: pypiv.log
2025-11-03 16:59:06,098 [INFO] Logging initialized. Level: INFO, File: pypiv.log
2025-11-03 16:59:06,099 [INFO] Logging initialized. Level: INFO, File: pypiv.log
2025-11-03 16:59:06,133 [INFO] Logging initialized. Level: INFO, File: pypiv.log
2025-11-03 16:59:06,141 [INFO] Logging initialized. Level: INFO, File: pypiv.log
2025-11-03 16:59:06,145 [INFO] Logging initialized. Level: INFO, File: pypiv.log
2025-11-03 16:59:06,149 [INFO] Logging initialized. Level: INFO, File: pypiv.log
2025-11-03 16:59:06,152 [INFO] Logging initialized. Level: INFO, File: pypiv.log
2025-11-03 16:59:06,171 [INFO] Logging initialized. Level: INFO, File: pypiv.log
2025-11-03 16:59:06,195 [INFO] Logging initialized. Level: INFO, File: pypiv.log
2025-11-03 16:59:06,198 [INFO] Logging initialized. Level: INFO, File: pypiv.log
2025-11-03 16:59:06,198 [INFO] Logging initialized. Level: INFO, File: pypiv.log
2025-11-03 16:59:06,387 [INFO] Worker logging configured successfully
2025-11-03 16:59:06,387 [INFO] Worker logging configured successfully
2025-11-03 16:59:06,388 [INFO] Worker logging configured successfully
2025-11-03 16:59:06,388 [INFO] Worker logging configured successfully
2025-11-03 16:59:06,389 [INFO] Worker logging configured successfully
2025-11-03 16:59:06,389 [INFO] Worker logging configured successfully
2025-11-03 16:59:06,389 [INFO] Worker logging configured successfully
2025-11-03 16:59:06,389 [INFO] Worker logging configured successfully
2025-11-03 16:59:06,390 [INFO] Worker logging configured successfully
2025-11-03 16:59:06,390 [INFO] Worker logging configured successfully
2025-11-03 16:59:06,390 [INFO] Worker logging configured successfully
2025-11-03 16:59:06,391 [INFO] Worker logging configured successfully
2025-11-03 16:59:06,391 [INFO] Worker logging configured successfully
2025-11-03 16:59:06,391 [INFO] Worker logging configured successfully
2025-11-03 16:59:06,391 [INFO] Worker logging configured successfully
2025-11-03 16:59:06,391 [INFO] Worker logging configured successfully
2025-11-03 16:59:06,391 [INFO] Worker logging configured successfully
2025-11-03 16:59:06,391 [INFO] Worker logging configured successfully
2025-11-03 16:59:06,392 [INFO] Worker logging configured successfully
2025-11-03 16:59:06,392 [INFO] Worker logging configured successfully
2025-11-03 16:59:06,400 [INFO] Dask cluster started successfully
2025-11-03 16:59:06,401 [INFO] Dask Worker Info:
2025-11-03 16:59:06,401 [INFO] Worker tcp://127.0.0.1:51801
2025-11-03 16:59:06,401 [INFO]   pid: None
2025-11-03 16:59:06,401 [INFO]   host: 127.0.0.1
2025-11-03 16:59:06,402 [INFO]   local_dir: C:\Users\mtt1e23\AppData\Local\Temp\dask-scratch-space\worker-dcqedsqe
2025-11-03 16:59:06,402 [INFO]   nanny: True
2025-11-03 16:59:06,402 [INFO] Dask Worker Info:
2025-11-03 16:59:06,402 [INFO] Worker tcp://127.0.0.1:51806
2025-11-03 16:59:06,402 [INFO]   pid: None
2025-11-03 16:59:06,402 [INFO]   host: 127.0.0.1
2025-11-03 16:59:06,403 [INFO]   local_dir: C:\Users\mtt1e23\AppData\Local\Temp\dask-scratch-space\worker-hau36ryd
2025-11-03 16:59:06,403 [INFO]   nanny: True
2025-11-03 16:59:06,403 [INFO] Dask Worker Info:
2025-11-03 16:59:06,403 [INFO] Worker tcp://127.0.0.1:51807
2025-11-03 16:59:06,403 [INFO]   pid: None
2025-11-03 16:59:06,403 [INFO]   host: 127.0.0.1
2025-11-03 16:59:06,403 [INFO]   local_dir: C:\Users\mtt1e23\AppData\Local\Temp\dask-scratch-space\worker-jstevwcs
2025-11-03 16:59:06,403 [INFO]   nanny: True
2025-11-03 16:59:06,403 [INFO] Dask Worker Info:
2025-11-03 16:59:06,403 [INFO] Worker tcp://127.0.0.1:51816
2025-11-03 16:59:06,404 [INFO]   pid: None
2025-11-03 16:59:06,404 [INFO]   host: 127.0.0.1
2025-11-03 16:59:06,404 [INFO]   local_dir: C:\Users\mtt1e23\AppData\Local\Temp\dask-scratch-space\worker-8da2uk_9
2025-11-03 16:59:06,404 [INFO]   nanny: True
2025-11-03 16:59:06,404 [INFO] Dask Worker Info:
2025-11-03 16:59:06,404 [INFO] Worker tcp://127.0.0.1:65414
2025-11-03 16:59:06,404 [INFO]   pid: None
2025-11-03 16:59:06,404 [INFO]   host: 127.0.0.1
2025-11-03 16:59:06,405 [INFO]   local_dir: C:\Users\mtt1e23\AppData\Local\Temp\dask-scratch-space\worker-47t7no_0
2025-11-03 16:59:06,405 [INFO]   nanny: True
2025-11-03 16:59:06,405 [INFO] Processing camera: Cam1 (1/2 cameras)
2025-11-03 16:59:06,405 [INFO] Loading images from set file in directory: C:\Users\mtt1e23\Downloads\ims\ims for camera: Cam1
2025-11-03 16:59:06,616 [INFO] Auto-detected image shape: (2048, 2048)
2025-11-03 16:59:06,627 [INFO] Pre-computing vector masks for Cam1
2025-11-03 16:59:07,868 [INFO] Vector masks computed: 3 passes
2025-11-03 16:59:07,919 [INFO] Successfully cached window padding for 3 passes
2025-11-03 16:59:07,953 [INFO] Successfully cached interpolation grids for 3 passes
2025-11-03 16:59:08,260 [INFO] Pre-computed and broadcast correlator cache for distributed workers
2025-11-03 16:59:15,617 [INFO] Worker saved coordinates to C:\Users\mtt1e23\OneDrive - University of Southampton\Documents\#current_processing\query_JHTDB\Planar_Images_with_wall\bailey\uncalibrated_piv\100\Cam1\instantaneous\coordinates.mat
2025-11-03 16:59:33,660 [ERROR] PIV processing failed: finalize-hlgfinalizecompute-3e26188e3bd948debc4a0f12c9c03d04 cancelled for reason: scheduler-connection-lost.
Client lost the connection to the scheduler. Please check your connection and re-run your work.
2025-11-03 16:59:33,664 [ERROR] PIV processing failed: finalize-hlgfinalizecompute-2a6aaab19a1b4547a5be14a1d4fefe28 cancelled for reason: scheduler-connection-lost.
Client lost the connection to the scheduler. Please check your connection and re-run your work.
