2025-11-06 14:58:58,549 [INFO] Logging initialized. Level: INFO, File: pypiv.log
2025-11-06 14:59:06,049 [INFO] Logging initialized. Level: INFO, File: pypiv.log
2025-11-06 14:59:06,064 [INFO] Logging initialized. Level: INFO, File: pypiv.log
2025-11-06 14:59:06,076 [INFO] Logging initialized. Level: INFO, File: pypiv.log
2025-11-06 14:59:06,077 [INFO] Logging initialized. Level: INFO, File: pypiv.log
2025-11-06 14:59:06,102 [INFO] Logging initialized. Level: INFO, File: pypiv.log
2025-11-06 14:59:06,103 [INFO] Logging initialized. Level: INFO, File: pypiv.log
2025-11-06 14:59:06,106 [INFO] Logging initialized. Level: INFO, File: pypiv.log
2025-11-06 14:59:06,119 [INFO] Logging initialized. Level: INFO, File: pypiv.log
2025-11-06 14:59:06,125 [INFO] Logging initialized. Level: INFO, File: pypiv.log
2025-11-06 14:59:06,125 [INFO] Logging initialized. Level: INFO, File: pypiv.log
2025-11-06 14:59:06,367 [INFO] Worker logging configured successfully
2025-11-06 14:59:06,367 [INFO] Worker logging configured successfully
2025-11-06 14:59:06,368 [INFO] Worker logging configured successfully
2025-11-06 14:59:06,368 [INFO] Worker logging configured successfully
2025-11-06 14:59:06,368 [INFO] Worker logging configured successfully
2025-11-06 14:59:06,368 [INFO] Worker logging configured successfully
2025-11-06 14:59:06,369 [INFO] Worker logging configured successfully
2025-11-06 14:59:06,369 [INFO] Worker logging configured successfully
2025-11-06 14:59:06,369 [INFO] Worker logging configured successfully
2025-11-06 14:59:06,369 [INFO] Worker logging configured successfully
2025-11-06 14:59:06,370 [INFO] Dask cluster started successfully
2025-11-06 14:59:06,371 [INFO] Dask Worker Info:
2025-11-06 14:59:06,371 [INFO] Worker tcp://127.0.0.1:60728
2025-11-06 14:59:06,371 [INFO]   pid: None
2025-11-06 14:59:06,371 [INFO]   host: 127.0.0.1
2025-11-06 14:59:06,371 [INFO]   local_dir: C:\Users\mtt1e23\AppData\Local\Temp\dask-scratch-space\worker-dq0vtc0y
2025-11-06 14:59:06,371 [INFO]   nanny: True
2025-11-06 14:59:06,372 [INFO] Dask Worker Info:
2025-11-06 14:59:06,372 [INFO] Worker tcp://127.0.0.1:60731
2025-11-06 14:59:06,372 [INFO]   pid: None
2025-11-06 14:59:06,372 [INFO]   host: 127.0.0.1
2025-11-06 14:59:06,372 [INFO]   local_dir: C:\Users\mtt1e23\AppData\Local\Temp\dask-scratch-space\worker-55veck1t
2025-11-06 14:59:06,372 [INFO]   nanny: True
2025-11-06 14:59:06,372 [INFO] Dask Worker Info:
2025-11-06 14:59:06,372 [INFO] Worker tcp://127.0.0.1:60740
2025-11-06 14:59:06,372 [INFO]   pid: None
2025-11-06 14:59:06,372 [INFO]   host: 127.0.0.1
2025-11-06 14:59:06,372 [INFO]   local_dir: C:\Users\mtt1e23\AppData\Local\Temp\dask-scratch-space\worker-u1kt19ro
2025-11-06 14:59:06,372 [INFO]   nanny: True
2025-11-06 14:59:06,372 [INFO] Dask Worker Info:
2025-11-06 14:59:06,372 [INFO] Worker tcp://127.0.0.1:60749
2025-11-06 14:59:06,372 [INFO]   pid: None
2025-11-06 14:59:06,373 [INFO]   host: 127.0.0.1
2025-11-06 14:59:06,373 [INFO]   local_dir: C:\Users\mtt1e23\AppData\Local\Temp\dask-scratch-space\worker-sgx4bf2k
2025-11-06 14:59:06,373 [INFO]   nanny: True
2025-11-06 14:59:06,373 [INFO] Dask Worker Info:
2025-11-06 14:59:06,373 [INFO] Worker tcp://127.0.0.1:60750
2025-11-06 14:59:06,373 [INFO]   pid: None
2025-11-06 14:59:06,373 [INFO]   host: 127.0.0.1
2025-11-06 14:59:06,373 [INFO]   local_dir: C:\Users\mtt1e23\AppData\Local\Temp\dask-scratch-space\worker-0e9bjtoa
2025-11-06 14:59:06,373 [INFO]   nanny: True
2025-11-06 14:59:06,373 [INFO] Processing camera: Cam1
2025-11-06 14:59:07,445 [INFO] Auto-detected image shape: (3248, 4872)
2025-11-06 14:59:07.447 | INFO     | image_handling.load_images:load_images:223 - Loaded 100 images with optimal chunking: 10 chunks of size ~10
2025-11-06 14:59:07.448 | DEBUG    | image_handling.load_images:load_mask_for_camera:328 - Loading mask for Cam1 from D:\DAVIS_BFS\gF_Ramp_experiment\BFS_1500_1\mask_Cam1.mat
2025-11-06 14:59:07.510 | DEBUG    | image_handling.load_images:load_mask_for_camera:339 - Mask loaded: 5209970/15824256 pixels masked (32.9%)
2025-11-06 14:59:07,510 [INFO] Pre-computing vector masks for Cam1
2025-11-06 14:59:09.399 | DEBUG    | image_handling.load_images:compute_vector_mask:476 - Pass 1: 1240/3675 vectors masked (33.7%), window size: (128, 128)
