2025-11-07 11:32:59,974 [INFO] Logging initialized. Level: INFO, File: pypiv.log
2025-11-07 11:33:04,025 [INFO] Logging initialized. Level: INFO, File: pypiv.log
2025-11-07 11:33:04,037 [INFO] Logging initialized. Level: INFO, File: pypiv.log
2025-11-07 11:33:04,063 [INFO] Logging initialized. Level: INFO, File: pypiv.log
2025-11-07 11:33:04,064 [INFO] Logging initialized. Level: INFO, File: pypiv.log
2025-11-07 11:33:04,116 [INFO] Logging initialized. Level: INFO, File: pypiv.log
2025-11-07 11:33:04,120 [INFO] Logging initialized. Level: INFO, File: pypiv.log
2025-11-07 11:33:04,121 [INFO] Logging initialized. Level: INFO, File: pypiv.log
2025-11-07 11:33:04,122 [INFO] Logging initialized. Level: INFO, File: pypiv.log
2025-11-07 11:33:04,125 [INFO] Logging initialized. Level: INFO, File: pypiv.log
2025-11-07 11:33:04,126 [INFO] Logging initialized. Level: INFO, File: pypiv.log
2025-11-07 11:33:04,356 [INFO] Worker logging configured successfully
2025-11-07 11:33:04,356 [INFO] Worker logging configured successfully
2025-11-07 11:33:04,356 [INFO] Worker logging configured successfully
2025-11-07 11:33:04,356 [INFO] Worker logging configured successfully
2025-11-07 11:33:04,356 [INFO] Worker logging configured successfully
2025-11-07 11:33:04,357 [INFO] Worker logging configured successfully
2025-11-07 11:33:04,357 [INFO] Worker logging configured successfully
2025-11-07 11:33:04,357 [INFO] Worker logging configured successfully
2025-11-07 11:33:04,357 [INFO] Worker logging configured successfully
2025-11-07 11:33:04,358 [INFO] Worker logging configured successfully
2025-11-07 11:33:04,360 [INFO] Dask cluster started successfully
2025-11-07 11:33:04,361 [INFO] Dask Worker Info:
2025-11-07 11:33:04,361 [INFO] Worker tcp://127.0.0.1:52088
2025-11-07 11:33:04,361 [INFO]   pid: None
2025-11-07 11:33:04,361 [INFO]   host: 127.0.0.1
2025-11-07 11:33:04,361 [INFO]   local_dir: C:\Users\mtt1e23\AppData\Local\Temp\dask-scratch-space\worker-ro_cxzb2
2025-11-07 11:33:04,361 [INFO]   nanny: True
2025-11-07 11:33:04,362 [INFO] Dask Worker Info:
2025-11-07 11:33:04,362 [INFO] Worker tcp://127.0.0.1:52091
2025-11-07 11:33:04,362 [INFO]   pid: None
2025-11-07 11:33:04,362 [INFO]   host: 127.0.0.1
2025-11-07 11:33:04,362 [INFO]   local_dir: C:\Users\mtt1e23\AppData\Local\Temp\dask-scratch-space\worker-sm2yqkhe
2025-11-07 11:33:04,362 [INFO]   nanny: True
2025-11-07 11:33:04,362 [INFO] Dask Worker Info:
2025-11-07 11:33:04,362 [INFO] Worker tcp://127.0.0.1:52098
2025-11-07 11:33:04,362 [INFO]   pid: None
2025-11-07 11:33:04,362 [INFO]   host: 127.0.0.1
2025-11-07 11:33:04,363 [INFO]   local_dir: C:\Users\mtt1e23\AppData\Local\Temp\dask-scratch-space\worker-cn848sst
2025-11-07 11:33:04,363 [INFO]   nanny: True
2025-11-07 11:33:04,363 [INFO] Dask Worker Info:
2025-11-07 11:33:04,363 [INFO] Worker tcp://127.0.0.1:52099
2025-11-07 11:33:04,363 [INFO]   pid: None
2025-11-07 11:33:04,363 [INFO]   host: 127.0.0.1
2025-11-07 11:33:04,363 [INFO]   local_dir: C:\Users\mtt1e23\AppData\Local\Temp\dask-scratch-space\worker-p8z175zz
2025-11-07 11:33:04,363 [INFO]   nanny: True
2025-11-07 11:33:04,363 [INFO] Dask Worker Info:
2025-11-07 11:33:04,364 [INFO] Worker tcp://127.0.0.1:52116
2025-11-07 11:33:04,364 [INFO]   pid: None
2025-11-07 11:33:04,364 [INFO]   host: 127.0.0.1
2025-11-07 11:33:04,364 [INFO]   local_dir: C:\Users\mtt1e23\AppData\Local\Temp\dask-scratch-space\worker-k43em2uj
2025-11-07 11:33:04,364 [INFO]   nanny: True
2025-11-07 11:33:04,364 [INFO] Processing camera: Cam1
2025-11-07 11:33:04.364 | INFO     | image_handling.load_images:load_images:191 - Creating 50 delayed tasks for lazy loading (Cam1)
2025-11-07 11:33:05,031 [INFO] Auto-detected image shape: (3248, 4872)
2025-11-07 11:33:05.035 | INFO     | image_handling.load_images:load_images:205 - Lazy loading complete: 50 independent delayed tasks created (~50 KB memory footprint)
2025-11-07 11:33:05,035 [INFO] No filters configured, skipping preprocessing
2025-11-07 11:33:05.035 | DEBUG    | image_handling.load_images:load_mask_for_camera:310 - Loading mask for Cam1 from D:\DAVIS_BFS\gF_Ramp_experiment\BFS_1500_1\mask_Cam1.mat
2025-11-07 11:33:05.081 | DEBUG    | image_handling.load_images:load_mask_for_camera:321 - Mask loaded: 5209970/15824256 pixels masked (32.9%)
2025-11-07 11:33:05,081 [INFO] Pre-computing vector masks for Cam1
2025-11-07 11:33:06.974 | DEBUG    | image_handling.load_images:compute_vector_mask:458 - Pass 1: 1240/3675 vectors masked (33.7%), window size: (128, 128)
2025-11-07 11:33:08.070 | DEBUG    | image_handling.load_images:compute_vector_mask:458 - Pass 2: 5083/15100 vectors masked (33.7%), window size: (64, 64)
2025-11-07 11:33:08.659 | DEBUG    | image_handling.load_images:compute_vector_mask:458 - Pass 3: 20446/61206 vectors masked (33.4%), window size: (32, 32)
2025-11-07 11:33:08,663 [INFO] Vector masks computed: 3 passes
2025-11-07 11:33:08,670 [INFO] Successfully cached window padding for 3 passes
2025-11-07 11:33:08,795 [INFO] Successfully cached interpolation grids for 3 passes
2025-11-07 11:33:09,912 [INFO] Broadcast correlator cache to all workers
2025-11-07 11:33:09,924 [INFO] Broadcast vector masks to all workers (78.1 KB)
2025-11-07 11:33:09,927 [INFO] Submitting 50 independent tasks to cluster
2025-11-07 11:33:09,932 [INFO] Tasks submitted. Dask scheduler managing distribution across workers. Each worker processes ONE image at a time.
2025-11-07 11:33:17,580 [ERROR] Error in correlate_batch for image 0: ufunc 'less' did not contain a loop with signature matching types (<class 'numpy.dtypes.Float32DType'>, <class 'numpy.dtypes.StrDType'>) -> None
2025-11-07 11:33:17,580 [ERROR] PIV processing failed: cannot access local variable 'traceback' where it is not associated with a value
2025-11-07 11:33:17,608 [WARNING] PIVResult has no passes for frame 5. Skipping save.
2025-11-07 11:33:25,176 [ERROR] Error in correlate_batch for image 0: ufunc 'less' did not contain a loop with signature matching types (<class 'numpy.dtypes.Float32DType'>, <class 'numpy.dtypes.StrDType'>) -> None
2025-11-07 11:33:25,176 [ERROR] PIV processing failed: cannot access local variable 'traceback' where it is not associated with a value
2025-11-07 11:33:25,200 [WARNING] PIVResult has no passes for frame 18. Skipping save.
2025-11-07 11:33:26,631 [ERROR] Error in correlate_batch for image 0: ufunc 'less' did not contain a loop with signature matching types (<class 'numpy.dtypes.Float32DType'>, <class 'numpy.dtypes.StrDType'>) -> None
2025-11-07 11:33:26,631 [ERROR] PIV processing failed: cannot access local variable 'traceback' where it is not associated with a value
2025-11-07 11:33:26,654 [WARNING] PIVResult has no passes for frame 4. Skipping save.
2025-11-07 11:33:26,851 [ERROR] Error in correlate_batch for image 0: ufunc 'less' did not contain a loop with signature matching types (<class 'numpy.dtypes.Float32DType'>, <class 'numpy.dtypes.StrDType'>) -> None
2025-11-07 11:33:26,851 [ERROR] PIV processing failed: cannot access local variable 'traceback' where it is not associated with a value
2025-11-07 11:33:26,878 [WARNING] PIVResult has no passes for frame 14. Skipping save.
