=== PIV Job piv_20251106_143918 Started ===
Command: C:\Users\mtt1e23\OneDrive - University of Southampton\Documents\python-PIVTOOLs\env\Scripts\python.exe C:\Users\mtt1e23\OneDrive - University of Southampton\Documents\python-PIVTOOLs\pypivtools\example.py
Working Directory: C:\Users\mtt1e23\OneDrive - University of Southampton\Documents\python-PIVTOOLs
==================================================

2025-11-06 14:39:21,319 [INFO] Logging initialized. Level: INFO, File: pypiv.log
2025-11-06 14:39:25,073 [INFO] Logging initialized. Level: INFO, File: pypiv.log
2025-11-06 14:39:25,077 [INFO] Logging initialized. Level: INFO, File: pypiv.log
2025-11-06 14:39:25,079 [INFO] Logging initialized. Level: INFO, File: pypiv.log
2025-11-06 14:39:25,101 [INFO] Logging initialized. Level: INFO, File: pypiv.log
2025-11-06 14:39:25,129 [INFO] Logging initialized. Level: INFO, File: pypiv.log
2025-11-06 14:39:25,140 [INFO] Logging initialized. Level: INFO, File: pypiv.log
2025-11-06 14:39:25,141 [INFO] Logging initialized. Level: INFO, File: pypiv.log
2025-11-06 14:39:25,155 [INFO] Logging initialized. Level: INFO, File: pypiv.log
2025-11-06 14:39:25,173 [INFO] Logging initialized. Level: INFO, File: pypiv.log
2025-11-06 14:39:25,173 [INFO] Logging initialized. Level: INFO, File: pypiv.log
2025-11-06 14:39:25,306 [INFO] Worker logging configured successfully
2025-11-06 14:39:25,306 [INFO] Worker logging configured successfully
2025-11-06 14:39:25,308 [INFO] Worker logging configured successfully
2025-11-06 14:39:25,309 [INFO] Worker logging configured successfully
2025-11-06 14:39:25,309 [INFO] Worker logging configured successfully
2025-11-06 14:39:25,309 [INFO] Worker logging configured successfully
2025-11-06 14:39:25,309 [INFO] Worker logging configured successfully
2025-11-06 14:39:25,309 [INFO] Worker logging configured successfully
2025-11-06 14:39:25,309 [INFO] Worker logging configured successfully
2025-11-06 14:39:25,309 [INFO] Worker logging configured successfully
2025-11-06 14:39:25,312 [INFO] Dask cluster started successfully
2025-11-06 14:39:25,313 [INFO] Dask Worker Info:
2025-11-06 14:39:25,313 [INFO] Worker tcp://127.0.0.1:49758
2025-11-06 14:39:25,313 [INFO]   pid: None
2025-11-06 14:39:25,313 [INFO]   host: 127.0.0.1
2025-11-06 14:39:25,313 [INFO]   local_dir: C:\Users\mtt1e23\AppData\Local\Temp\dask-scratch-space\worker-yhkwoo4s
2025-11-06 14:39:25,314 [INFO]   nanny: True
2025-11-06 14:39:25,314 [INFO] Dask Worker Info:
2025-11-06 14:39:25,314 [INFO] Worker tcp://127.0.0.1:49759
2025-11-06 14:39:25,314 [INFO]   pid: None
2025-11-06 14:39:25,314 [INFO]   host: 127.0.0.1
2025-11-06 14:39:25,314 [INFO]   local_dir: C:\Users\mtt1e23\AppData\Local\Temp\dask-scratch-space\worker-metceyk0
2025-11-06 14:39:25,315 [INFO]   nanny: True
2025-11-06 14:39:25,315 [INFO] Dask Worker Info:
2025-11-06 14:39:25,315 [INFO] Worker tcp://127.0.0.1:49760
2025-11-06 14:39:25,315 [INFO]   pid: None
2025-11-06 14:39:25,315 [INFO]   host: 127.0.0.1
2025-11-06 14:39:25,316 [INFO]   local_dir: C:\Users\mtt1e23\AppData\Local\Temp\dask-scratch-space\worker-ef8syz16
2025-11-06 14:39:25,316 [INFO]   nanny: True
2025-11-06 14:39:25,316 [INFO] Dask Worker Info:
2025-11-06 14:39:25,316 [INFO] Worker tcp://127.0.0.1:49769
2025-11-06 14:39:25,316 [INFO]   pid: None
2025-11-06 14:39:25,317 [INFO]   host: 127.0.0.1
2025-11-06 14:39:25,317 [INFO]   local_dir: C:\Users\mtt1e23\AppData\Local\Temp\dask-scratch-space\worker-n88y8mh1
2025-11-06 14:39:25,317 [INFO]   nanny: True
2025-11-06 14:39:25,317 [INFO] Dask Worker Info:
2025-11-06 14:39:25,317 [INFO] Worker tcp://127.0.0.1:49778
2025-11-06 14:39:25,318 [INFO]   pid: None
2025-11-06 14:39:25,318 [INFO]   host: 127.0.0.1
2025-11-06 14:39:25,318 [INFO]   local_dir: C:\Users\mtt1e23\AppData\Local\Temp\dask-scratch-space\worker-2stlgegv
2025-11-06 14:39:25,318 [INFO]   nanny: True
2025-11-06 14:39:25,319 [INFO] Processing camera: Cam1
2025-11-06 14:39:26,014 [INFO] Auto-detected image shape: (3248, 4872)
2025-11-06 14:39:26.017 | INFO     | image_handling.load_images:load_images:223 - Loaded 100 images with optimal chunking: 10 chunks of size ~10
2025-11-06 14:39:26.017 | DEBUG    | image_handling.load_images:load_mask_for_camera:328 - Loading mask for Cam1 from D:\DAVIS_BFS\gF_Ramp_experiment\BFS_1500_1\mask_Cam1.mat
2025-11-06 14:39:26.061 | DEBUG    | image_handling.load_images:load_mask_for_camera:339 - Mask loaded: 5209970/15824256 pixels masked (32.9%)
2025-11-06 14:39:26,062 [INFO] Pre-computing vector masks for Cam1
2025-11-06 14:39:28.056 | DEBUG    | image_handling.load_images:compute_vector_mask:476 - Pass 1: 1240/3675 vectors masked (33.7%), window size: (128, 128)
2025-11-06 14:39:29.157 | DEBUG    | image_handling.load_images:compute_vector_mask:476 - Pass 2: 5083/15100 vectors masked (33.7%), window size: (64, 64)
2025-11-06 14:39:29.752 | DEBUG    | image_handling.load_images:compute_vector_mask:476 - Pass 3: 20446/61206 vectors masked (33.4%), window size: (32, 32)
2025-11-06 14:39:29,757 [INFO] Vector masks computed: 3 passes
2025-11-06 14:39:29,765 [INFO] Successfully cached window padding for 3 passes
2025-11-06 14:39:29,911 [INFO] Successfully cached interpolation grids for 3 passes
2025-11-06 14:39:30,863 [INFO] Pre-computed and broadcast correlator cache for distributed workers
2025-11-06 14:39:30,872 [INFO] Broadcast vector masks to all workers (78.1 KB total)
2025-11-06 14:39:30,873 [INFO] Processing batch 0-9 (10 images)
2025-11-06 14:39:46,899 [INFO] Batch 0-9 completed successfully
2025-11-06 14:39:47,022 [INFO] Processing batch 10-19 (10 images)
