2025-11-04 17:04:16,132 [INFO] Logging initialized. Level: INFO, File: pypiv.log
2025-11-04 17:04:18,476 [INFO] Logging initialized. Level: INFO, File: pypiv.log
2025-11-04 17:04:18,600 [INFO] Worker logging configured successfully
2025-11-04 17:04:18,601 [INFO] Dask cluster started successfully
2025-11-04 17:04:18,601 [INFO] Dask Worker Info:
2025-11-04 17:04:18,601 [INFO] Worker tcp://127.0.0.1:49359
2025-11-04 17:04:18,601 [INFO]   pid: None
2025-11-04 17:04:18,602 [INFO]   host: 127.0.0.1
2025-11-04 17:04:18,602 [INFO]   local_dir: C:\Users\mtt1e23\AppData\Local\Temp\dask-scratch-space\worker-z4n1cm1i
2025-11-04 17:04:18,602 [INFO]   nanny: True
2025-11-04 17:04:18,602 [INFO] Processing camera: Cam1
2025-11-04 17:04:18,616 [INFO] Auto-detected image shape: (1152, 1024)
2025-11-04 17:04:18.621 | DEBUG    | image_handling.load_images:load_mask_for_camera:280 - Masking is disabled in config
2025-11-04 17:04:18,627 [INFO] Successfully cached window padding for 4 passes
2025-11-04 17:04:18,641 [INFO] Successfully cached interpolation grids for 4 passes
2025-11-04 17:04:18,749 [INFO] Pre-computed and broadcast correlator cache for distributed workers
2025-11-04 17:04:21,280 [INFO] Worker saved coordinates to C:\Users\mtt1e23\OneDrive - University of Southampton\Documents\#current_processing\query_JHTDB\Planar_Images_with_wall\windows\uncalibrated_piv\100\Cam1\instantaneous\coordinates.mat
  Max threads: 5
  Max threads: 5
  Max threads: 5
  Max threads: 5
  Max threads: 5
  Max threads: 5
  Max threads: 5
  Max threads: 5
  Max threads: 5
  Max threads: 5
  Max threads: 5
  Max threads: 5
  Max threads: 5
  Max threads: 5
  Max threads: 5
  Max threads: 5
  Max threads: 5
  Max threads: 5
  Max threads: 5
  Max threads: 5
  Max threads: 5
  Max threads: 5
  Max threads: 5
  Max threads: 5
  Max threads: 5
  Max threads: 5
  Max threads: 5
  Max threads: 5
  Max threads: 5
  Max threads: 5
  Max threads: 5
  Max threads: 5
  Max threads: 5
  Max threads: 5
  Max threads: 5
  Max threads: 5
  Max threads: 5
  Max threads: 5
  Max threads: 5
  Max threads: 5
  Max threads: 5
  Max threads: 5
  Max threads: 5
  Max threads: 5
  Max threads: 5
  Max threads: 5
  Max threads: 5
  Max threads: 5
  Max threads: 5
  Max threads: 5
  Max threads: 5
  Max threads: 5
  Max threads: 5
  Max threads: 5
  Max threads: 5
  Max threads: 5
  Max threads: 5
  Max threads: 5
  Max threads: 5
  Max threads: 5
  Max threads: 5
  Max threads: 5
  Max threads: 5
  Max threads: 5
  Max threads: 5
  Max threads: 5
  Max threads: 5
  Max threads: 5
  Max threads: 5
  Max threads: 5
  Max threads: 5
  Max threads: 5
  Max threads: 5
  Max threads: 5
  Max threads: 5
  Max threads: 5
  Max threads: 5
  Max threads: 5
  Max threads: 5
  Max threads: 5
  Max threads: 5
  Max threads: 5
  Max threads: 5
  Max threads: 5
  Max threads: 5
  Max threads: 5
  Max threads: 5
  Max threads: 5
  Max threads: 5
  Max threads: 5
  Max threads: 5
  Max threads: 5
  Max threads: 5
  Max threads: 5
  Max threads: 5
  Max threads: 5
  Max threads: 5
  Max threads: 5
  Max threads: 5
  Max threads: 5
  Max threads: 5
  Max threads: 5
  Max threads: 5
  Max threads: 5
  Max threads: 5
  Max threads: 5
  Max threads: 5
  Max threads: 5
  Max threads: 5
  Max threads: 5
  Max threads: 5
  Max threads: 5
  Max threads: 5
  Max threads: 5
  Max threads: 5
  Max threads: 5
  Max threads: 5
  Max threads: 5
  Max threads: 5
  Max threads: 5
  Max threads: 5
  Max threads: 5
  Max threads: 5
  Max threads: 5
  Max threads: 5
  Max threads: 5
  Max threads: 5
  Max threads: 5
  Max threads: 5
  Max threads: 5
  Max threads: 5
  Max threads: 5
  Max threads: 5
  Max threads: 5
  Max threads: 5
  Max threads: 5
  Max threads: 5
  Max threads: 5
  Max threads: 5
  Max threads: 5
  Max threads: 5
  Max threads: 5
  Max threads: 5
  Max threads: 5
  Max threads: 5
  Max threads: 5
  Max threads: 5
  Max threads: 5
  Max threads: 5
  Max threads: 5
  Max threads: 5
  Max threads: 5
  Max threads: 5
  Max threads: 5
  Max threads: 5
  Max threads: 5
  Max threads: 5
  Max threads: 5
  Max threads: 5
  Max threads: 5
  Max threads: 5
  Max threads: 5
  Max threads: 5
  Max threads: 5
  Max threads: 5
  Max threads: 5
  Max threads: 5
  Max threads: 5
  Max threads: 5
  Max threads: 5
  Max threads: 5
  Max threads: 5
  Max threads: 5
  Max threads: 5
  Max threads: 5
  Max threads: 5
  Max threads: 5
  Max threads: 5
  Max threads: 5
  Max threads: 5
  Max threads: 5
  Max threads: 5
  Max threads: 5
  Max threads: 5
  Max threads: 5
  Max threads: 5
  Max threads: 5
  Max threads: 5
  Max threads: 5
  Max threads: 5
  Max threads: 5
  Max threads: 5
  Max threads: 5
  Max threads: 5
  Max threads: 5
  Max threads: 5
  Max threads: 5
  Max threads: 5
  Max threads: 5
  Max threads: 5
  Max threads: 5
  Max threads: 5
  Max threads: 5
  Max threads: 5
  Max threads: 5
  Max threads: 5
  Max threads: 5
  Max threads: 5
  Max threads: 5
  Max threads: 5
  Max threads: 5
  Max threads: 5
  Max threads: 5
  Max threads: 5
  Max threads: 5
  Max threads: 5
  Max threads: 5
  Max threads: 5
  Max threads: 5
  Max threads: 5
  Max threads: 5
  Max threads: 5
  Max threads: 5
  Max threads: 5
  Max threads: 5
  Max threads: 5
  Max threads: 5
  Max threads: 5
  Max threads: 5
  Max threads: 5
  Max threads: 5
  Max threads: 5
  Max threads: 5
  Max threads: 5
  Max threads: 5
  Max threads: 5
  Max threads: 5
  Max threads: 5
  Max threads: 5
  Max threads: 5
  Max threads: 52025-11-04 17:05:26,628 [INFO] PIV and save completed: 100 frames saved to C:\Users\mtt1e23\OneDrive - University of Southampton\Documents\#current_processing\query_JHTDB\Planar_Images_with_wall\windows\uncalibrated_piv\100\Cam1\instantaneous
2025-11-04 17:05:26,630 [INFO] Coordinates saved to C:\Users\mtt1e23\OneDrive - University of Southampton\Documents\#current_processing\query_JHTDB\Planar_Images_with_wall\windows\uncalibrated_piv\100\Cam1\instantaneous
Total elapsed time: 70.50 seconds

  Max threads: 5
  Max threads: 5
  Max threads: 5
  Max threads: 5
  Max threads: 5
  Max threads: 5
  Max threads: 5
  Max threads: 5
  Max threads: 5
  Max threads: 5
  Max threads: 5
  Max threads: 5
  Max threads: 5
  Max threads: 5
  Max threads: 5
  Max threads: 5
  Max threads: 5
  Max threads: 5
  Max threads: 5
  Max threads: 5
  Max threads: 5
  Max threads: 5
  Max threads: 5
  Max threads: 5
  Max threads: 5
  Max threads: 5
  Max threads: 5
  Max threads: 5
  Max threads: 5
  Max threads: 5
  Max threads: 5
  Max threads: 5
  Max threads: 5
  Max threads: 5
  Max threads: 5
  Max threads: 5
  Max threads: 5
  Max threads: 5
  Max threads: 5
  Max threads: 5
  Max threads: 5
  Max threads: 5
  Max threads: 5
  Max threads: 5
  Max threads: 5
  Max threads: 5
  Max threads: 5
  Max threads: 5
  Max threads: 5
  Max threads: 5
  Max threads: 5
  Max threads: 5
  Max threads: 5
  Max threads: 5
  Max threads: 5
  Max threads: 5
  Max threads: 5
  Max threads: 5
  Max threads: 5
  Max threads: 5
  Max threads: 5
  Max threads: 5
  Max threads: 5
  Max threads: 5
  Max threads: 5
  Max threads: 5
  Max threads: 5
  Max threads: 5
  Max threads: 5
  Max threads: 5
  Max threads: 5
  Max threads: 5
  Max threads: 5
  Max threads: 5
  Max threads: 5
  Max threads: 5
  Max threads: 5
  Max threads: 5
  Max threads: 5
  Max threads: 5
  Max threads: 5
  Max threads: 5
  Max threads: 5
  Max threads: 5
  Max threads: 5
  Max threads: 5
  Max threads: 5
  Max threads: 5
  Max threads: 5
  Max threads: 5
  Max threads: 5
  Max threads: 5
  Max threads: 5
  Max threads: 5
  Max threads: 5
  Max threads: 5
  Max threads: 5
  Max threads: 5
  Max threads: 5
  Max threads: 5
  Max threads: 5
  Max threads: 5
  Max threads: 5
  Max threads: 5
  Max threads: 5
  Max threads: 5
  Max threads: 5
  Max threads: 5
  Max threads: 5
  Max threads: 5
  Max threads: 5
  Max threads: 5
  Max threads: 5
  Max threads: 5
  Max threads: 5
  Max threads: 5
  Max threads: 5
  Max threads: 5
  Max threads: 5
  Max threads: 5
  Max threads: 5
  Max threads: 5
  Max threads: 5
  Max threads: 5
  Max threads: 5
  Max threads: 5
  Max threads: 5
  Max threads: 5
  Max threads: 5
  Max threads: 5
  Max threads: 5
  Max threads: 5
  Max threads: 5
  Max threads: 5
  Max threads: 5
  Max threads: 5
  Max threads: 5
  Max threads: 5
  Max threads: 5
  Max threads: 5
  Max threads: 5
  Max threads: 5
  Max threads: 5
  Max threads: 5
  Max threads: 5
  Max threads: 5
  Max threads: 5
  Max threads: 5
  Max threads: 5
  Max threads: 5
  Max threads: 5
  Max threads: 5
  Max threads: 5
  Max threads: 5
  Max threads: 5
  Max threads: 5
  Max threads: 5
  Max threads: 5
  Max threads: 5
