2025-11-10 12:58:16,753 [INFO] Logging initialized. Level: INFO, File: pypiv.log
2025-11-10 12:58:20,106 [INFO] Logging initialized. Level: INFO, File: pypiv.log
2025-11-10 12:58:20,106 [INFO] Logging initialized. Level: INFO, File: pypiv.log
2025-11-10 12:58:20,106 [INFO] Logging initialized. Level: INFO, File: pypiv.log
2025-11-10 12:58:20,107 [INFO] Logging initialized. Level: INFO, File: pypiv.log
2025-11-10 12:58:20,107 [INFO] Logging initialized. Level: INFO, File: pypiv.log
2025-11-10 12:58:20,453 [INFO] Worker logging configured successfully
2025-11-10 12:58:20,454 [INFO] Worker logging configured successfully
2025-11-10 12:58:20,454 [INFO] Worker logging configured successfully
2025-11-10 12:58:20,454 [INFO] Worker logging configured successfully
2025-11-10 12:58:20,454 [INFO] Worker logging configured successfully
2025-11-10 12:58:20,455 [INFO] Dask cluster started successfully
2025-11-10 12:58:20,456 [INFO] Dask Worker Info:
2025-11-10 12:58:20,456 [INFO] Worker tcp://127.0.0.1:60248
2025-11-10 12:58:20,456 [INFO]   pid: None
2025-11-10 12:58:20,456 [INFO]   host: 127.0.0.1
2025-11-10 12:58:20,456 [INFO]   local_dir: C:\Users\mtt1e23\AppData\Local\Temp\dask-scratch-space\worker-svrha53f
2025-11-10 12:58:20,456 [INFO]   nanny: True
2025-11-10 12:58:20,456 [INFO] Dask Worker Info:
2025-11-10 12:58:20,456 [INFO] Worker tcp://127.0.0.1:60249
2025-11-10 12:58:20,457 [INFO]   pid: None
2025-11-10 12:58:20,457 [INFO]   host: 127.0.0.1
2025-11-10 12:58:20,457 [INFO]   local_dir: C:\Users\mtt1e23\AppData\Local\Temp\dask-scratch-space\worker-3nt7th1c
2025-11-10 12:58:20,457 [INFO]   nanny: True
2025-11-10 12:58:20,457 [INFO] Dask Worker Info:
2025-11-10 12:58:20,457 [INFO] Worker tcp://127.0.0.1:60250
2025-11-10 12:58:20,457 [INFO]   pid: None
2025-11-10 12:58:20,457 [INFO]   host: 127.0.0.1
2025-11-10 12:58:20,457 [INFO]   local_dir: C:\Users\mtt1e23\AppData\Local\Temp\dask-scratch-space\worker-ntxn6v11
2025-11-10 12:58:20,457 [INFO]   nanny: True
2025-11-10 12:58:20,457 [INFO] Dask Worker Info:
2025-11-10 12:58:20,457 [INFO] Worker tcp://127.0.0.1:60251
2025-11-10 12:58:20,458 [INFO]   pid: None
2025-11-10 12:58:20,458 [INFO]   host: 127.0.0.1
2025-11-10 12:58:20,458 [INFO]   local_dir: C:\Users\mtt1e23\AppData\Local\Temp\dask-scratch-space\worker-3lyb6_19
2025-11-10 12:58:20,458 [INFO]   nanny: True
2025-11-10 12:58:20,458 [INFO] Dask Worker Info:
2025-11-10 12:58:20,458 [INFO] Worker tcp://127.0.0.1:60260
2025-11-10 12:58:20,458 [INFO]   pid: None
2025-11-10 12:58:20,458 [INFO]   host: 127.0.0.1
2025-11-10 12:58:20,458 [INFO]   local_dir: C:\Users\mtt1e23\AppData\Local\Temp\dask-scratch-space\worker-5z5jy28h
2025-11-10 12:58:20,458 [INFO]   nanny: True
2025-11-10 12:58:20,458 [INFO] Processing camera: Cam1
2025-11-10 12:58:20.458 | INFO     | image_handling.load_images:load_images:191 - Creating 100 delayed tasks for lazy loading (Cam1)
2025-11-10 12:58:21,089 [INFO] Auto-detected image shape: (3248, 4872)
2025-11-10 12:58:21.095 | INFO     | image_handling.load_images:load_images:205 - Lazy loading complete: 100 independent delayed tasks created (~100 KB memory footprint)
2025-11-10 12:58:21,095 [INFO] Filter 'pod' requires batching. Using batch_size=25
2025-11-10 12:58:21,095 [INFO] Rechunking images for batch processing (batch_size=25)
2025-11-10 12:58:21,096 [INFO] Applying filter: {'type': 'pod'}
2025-11-10 12:58:21,096 [INFO] Rechunking back to single images for PIV processing
2025-11-10 12:58:21.097 | DEBUG    | image_handling.load_images:load_mask_for_camera:310 - Loading mask for Cam1 from D:\DAVIS_BFS\gF_Ramp_experiment\BFS_1500_1\mask_Cam1.mat
2025-11-10 12:58:21.149 | DEBUG    | image_handling.load_images:load_mask_for_camera:321 - Mask loaded: 5209970/15824256 pixels masked (32.9%)
2025-11-10 12:58:21,149 [INFO] Pre-computing vector masks for Cam1
2025-11-10 12:58:22.968 | DEBUG    | image_handling.load_images:compute_vector_mask:458 - Pass 1: 1240/3675 vectors masked (33.7%), window size: (128, 128)
