2025-11-04 22:25:13,583 [INFO] Logging initialized. Level: INFO, File: pypiv.log
2025-11-04 22:25:16,231 [INFO] Logging initialized. Level: INFO, File: pypiv.log
2025-11-04 22:25:16,439 [INFO] Worker logging configured successfully
2025-11-04 22:25:16,440 [INFO] Dask cluster started successfully
2025-11-04 22:25:16,441 [INFO] Dask Worker Info:
2025-11-04 22:25:16,441 [INFO] Worker tcp://127.0.0.1:54046
2025-11-04 22:25:16,441 [INFO]   pid: None
2025-11-04 22:25:16,441 [INFO]   host: 127.0.0.1
2025-11-04 22:25:16,441 [INFO]   local_dir: C:\Users\mtt1e23\AppData\Local\Temp\dask-scratch-space\worker-41iay209
2025-11-04 22:25:16,441 [INFO]   nanny: True
2025-11-04 22:25:16,441 [INFO] Processing camera: Cam1
2025-11-04 22:25:17,092 [INFO] Auto-detected image shape: (3248, 4872)
2025-11-04 22:25:17.096 | DEBUG    | image_handling.load_images:load_mask_for_camera:302 - Loading mask for Cam1 from D:\DAVIS_BFS\gF_Ramp_experiment\BFS_1500_1\mask_Cam1.mat
2025-11-04 22:25:17.136 | ERROR    | image_handling.load_images:load_mask_for_camera:321 - Failed to load mask for Cam1: iteration over a 0-d array. Proceeding without mask.
2025-11-04 22:25:17,214 [INFO] Successfully cached window padding for 3 passes
2025-11-04 22:25:17,354 [INFO] Successfully cached interpolation grids for 3 passes
2025-11-04 22:25:17,829 [INFO] Pre-computed and broadcast correlator cache for distributed workers
2025-11-04 22:25:18,076 [INFO] Worker saved coordinates to C:\Users\mtt1e23\OneDrive - University of Southampton\Documents\#current_processing\query_JHTDB\Planar_Images_with_wall\im7\uncalibrated_piv\50\Cam1\instantaneous\coordinates.mat
2025-11-04 22:25:20,546 - distributed.nanny.memory - WARNING - Worker tcp://127.0.0.1:54046 (pid=27360) exceeded 95% memory budget. Restarting...
2025-11-04 22:25:20,565 - distributed.scheduler - WARNING - Removing worker 'tcp://127.0.0.1:54046' caused the cluster to lose already computed task(s), which will be recomputed elsewhere: {'save_coordinates_from_config_distributed-b72e6a6a030ec4ca784c67cac69b641b'} (stimulus_id='handle-worker-cleanup-1762295120.5655565')
2025-11-04 22:25:20,565 - distributed.scheduler - ERROR - Removing worker 'tcp://127.0.0.1:54046' caused the cluster to lose scattered data, which can't be recovered: {'cached_predictor_maps', 'W', 'win_ctrs_y', 'cached_dense_maps', 'G_smooth_predictor', 'im_mesh', 'win_spacing_x', 'n_pre_all', 'H', 'win_ctrs_x_all', 'n_post_all', 'win_ctrs_x', 'win_ctrs_y_all', 'sd', 'ksize_filt', 'win_spacing_y'} (stimulus_id='handle-worker-cleanup-1762295120.5655565')
Error: 50 Futures cancelled:
Reasons:
50 Futures cancelled for reason: already forgotten.
Message: None
Futures: ['save_piv_result_distributed-5146f82b4cfcb8197acd885ecfad652c', 'save_piv_result_distributed-95e13091029794b1cf58960cc439855d', 'save_piv_result_distributed-820209906bb3bceff8faf28529bc1e07', 'save_piv_result_distributed-f6d5eca368285329ac88990ec98894f1', 'save_piv_result_distributed-fe75630ede7077322508eaf4050568dd', 'save_piv_result_distributed-260f3e0fdbe6387311b5dd8b1c78b10c', 'save_piv_result_distributed-5da186afa4cf6fb94bcebf4e8560a464', 'save_piv_result_distributed-39a64204ae70268c1985fc28fb4c0e14', 'save_piv_result_distributed-14994aa42c025c808d23a77de4ea20b9', 'save_piv_result_distributed-530cc9b7eff9b7f9d9922c0c37067a99', 'save_piv_result_distributed-865b4c5752ad118b9ccfa037fd4af5a5', 'save_piv_result_distributed-946eddbab5f9efe8c84cb91f9ed48695', 'save_piv_result_distributed-900b62240584dc9bafddf9e10c130f78', 'save_piv_result_distributed-af58891586baa1812d91719b47d6c3d8', 'save_piv_result_distributed-77ad42516a538e37d42fa6bc1031dd97', 'save_piv_result_distributed-4a8def57babae72c194ace20d1ab0778', 'save_piv_result_distributed-5fa344a170363c9121a908b198cec4f8', 'save_piv_result_distributed-558bd22b0e714047a94e39e727f1d645', 'save_piv_result_distributed-527b9841a6cb77e30ce0eb765c6d8ce2', 'save_piv_result_distributed-ab3ba1eb52986a2d26edf2dbd27b77b1', 'save_piv_result_distributed-379d42467598910147fd09375496c6ad', 'save_piv_result_distributed-a2d108ee96da770cfc67cb6eddace2b2', 'save_piv_result_distributed-f44d439eb0c585f84cfd0a6d875c208b', 'save_piv_result_distributed-0019e1668fc03faf3b4d70432352858c', 'save_piv_result_distributed-60677856169059f41b1fe170e25212d9', 'save_piv_result_distributed-09abc87affe78773b202eccca912d2c8', 'save_piv_result_distributed-12e468b25448542988a68cc1091b0c6d', 'save_piv_result_distributed-05098bb5b773d2c4ebaa0468e276912b', 'save_piv_result_distributed-f844036501046c9ad1f86a43782fee4e', 'save_piv_result_distributed-4bde10332c91b307042fa29dc9012ad9', 'save_piv_result_distributed-e2780428b1a7d2e6a8f39e388f131527', 'save_piv_result_distributed-fc14e8bc6d99df2449968f1c57882049', 'save_piv_result_distributed-f9d9cfd7b16b7d5a747216020c47b0af', 'save_piv_result_distributed-dfcfc439d51dd949ca69352cccc92f5b', 'save_piv_result_distributed-bf8c94396479ccb822bfaec7a98406da', 'save_piv_result_distributed-d708820a25857817dc9bf893470f2e86', 'save_piv_result_distributed-f150b64bced0ede9f299e19264f5ccba', 'save_piv_result_distributed-7bb80ace07e04312ad91375f1409df11', 'save_piv_result_distributed-0c4710365c3fbe55b949104bffe714b9', 'save_piv_result_distributed-f4802db81454cf95e2dc6b623e1b099e', 'save_piv_result_distributed-4b81544cabbe644395a38fb0ff52cbe3', 'save_piv_result_distributed-69c91108d08185d48c7e8c730a5fbba3', 'save_piv_result_distributed-5afe865d179b194f1f9d889d1edbbb67', 'save_piv_result_distributed-6df1ca941931bc9a08f4e346b5827f8e', 'save_piv_result_distributed-6a321a5004c26d95ad3a2ab2703c730b', 'save_piv_result_distributed-7d981b9b563ac20ecac3012d71afaca2', 'save_piv_result_distributed-ea4b72c418e6570028b3a04831e68027', 'save_piv_result_distributed-58e4e353ec544c516353994233d30123', 'save_piv_result_distributed-42224561e7ce01b5d4053876294d2f22', 'save_piv_result_distributed-78401043d30151da5ccc18caa8f0386e']
Traceback:
Traceback (most recent call last):
  File "c:\Users\mtt1e23\OneDrive - University of Southampton\Documents\python-PIVTOOLs\pypivtools\example.py", line 107, in <module>
    wait(save_futures)
    ~~~~^^^^^^^^^^^^^^
  File "c:\Users\mtt1e23\OneDrive - University of Southampton\Documents\python-PIVTOOLs\env\Lib\site-packages\distributed\client.py", line 5702, in wait
    result = client.sync(_wait, fs, timeout=timeout, return_when=return_when)
  File "c:\Users\mtt1e23\OneDrive - University of Southampton\Documents\python-PIVTOOLs\env\Lib\site-packages\distributed\utils.py", line 376, in sync
    return sync(
        self.loop, func, *args, callback_timeout=callback_timeout, **kwargs
    )
  File "c:\Users\mtt1e23\OneDrive - University of Southampton\Documents\python-PIVTOOLs\env\Lib\site-packages\distributed\utils.py", line 452, in sync
    raise error
  File "c:\Users\mtt1e23\OneDrive - University of Southampton\Documents\python-PIVTOOLs\env\Lib\site-packages\distributed\utils.py", line 426, in f
    result = yield future
             ^^^^^^^^^^^^
  File "c:\Users\mtt1e23\OneDrive - University of Southampton\Documents\python-PIVTOOLs\env\Lib\site-packages\tornado\gen.py", line 783, in run
    value = future.result()
  File "c:\Users\mtt1e23\OneDrive - University of Southampton\Documents\python-PIVTOOLs\env\Lib\site-packages\distributed\client.py", line 5678, in _wait
    raise FuturesCancelledError(groups)
distributed.client.FuturesCancelledError: 50 Futures cancelled:
Reasons:
50 Futures cancelled for reason: already forgotten.
Message: None
Futures: ['save_piv_result_distributed-5146f82b4cfcb8197acd885ecfad652c', 'save_piv_result_distributed-95e13091029794b1cf58960cc439855d', 'save_piv_result_distributed-820209906bb3bceff8faf28529bc1e07', 'save_piv_result_distributed-f6d5eca368285329ac88990ec98894f1', 'save_piv_result_distributed-fe75630ede7077322508eaf4050568dd', 'save_piv_result_distributed-260f3e0fdbe6387311b5dd8b1c78b10c', 'save_piv_result_distributed-5da186afa4cf6fb94bcebf4e8560a464', 'save_piv_result_distributed-39a64204ae70268c1985fc28fb4c0e14', 'save_piv_result_distributed-14994aa42c025c808d23a77de4ea20b9', 'save_piv_result_distributed-530cc9b7eff9b7f9d9922c0c37067a99', 'save_piv_result_distributed-865b4c5752ad118b9ccfa037fd4af5a5', 'save_piv_result_distributed-946eddbab5f9efe8c84cb91f9ed48695', 'save_piv_result_distributed-900b62240584dc9bafddf9e10c130f78', 'save_piv_result_distributed-af58891586baa1812d91719b47d6c3d8', 'save_piv_result_distributed-77ad42516a538e37d42fa6bc1031dd97', 'save_piv_result_distributed-4a8def57babae72c194ace20d1ab0778', 'save_piv_result_distributed-5fa344a170363c9121a908b198cec4f8', 'save_piv_result_distributed-558bd22b0e714047a94e39e727f1d645', 'save_piv_result_distributed-527b9841a6cb77e30ce0eb765c6d8ce2', 'save_piv_result_distributed-ab3ba1eb52986a2d26edf2dbd27b77b1', 'save_piv_result_distributed-379d42467598910147fd09375496c6ad', 'save_piv_result_distributed-a2d108ee96da770cfc67cb6eddace2b2', 'save_piv_result_distributed-f44d439eb0c585f84cfd0a6d875c208b', 'save_piv_result_distributed-0019e1668fc03faf3b4d70432352858c', 'save_piv_result_distributed-60677856169059f41b1fe170e25212d9', 'save_piv_result_distributed-09abc87affe78773b202eccca912d2c8', 'save_piv_result_distributed-12e468b25448542988a68cc1091b0c6d', 'save_piv_result_distributed-05098bb5b773d2c4ebaa0468e276912b', 'save_piv_result_distributed-f844036501046c9ad1f86a43782fee4e', 'save_piv_result_distributed-4bde10332c91b307042fa29dc9012ad9', 'save_piv_result_distributed-e2780428b1a7d2e6a8f39e388f131527', 'save_piv_result_distributed-fc14e8bc6d99df2449968f1c57882049', 'save_piv_result_distributed-f9d9cfd7b16b7d5a747216020c47b0af', 'save_piv_result_distributed-dfcfc439d51dd949ca69352cccc92f5b', 'save_piv_result_distributed-bf8c94396479ccb822bfaec7a98406da', 'save_piv_result_distributed-d708820a25857817dc9bf893470f2e86', 'save_piv_result_distributed-f150b64bced0ede9f299e19264f5ccba', 'save_piv_result_distributed-7bb80ace07e04312ad91375f1409df11', 'save_piv_result_distributed-0c4710365c3fbe55b949104bffe714b9', 'save_piv_result_distributed-f4802db81454cf95e2dc6b623e1b099e', 'save_piv_result_distributed-4b81544cabbe644395a38fb0ff52cbe3', 'save_piv_result_distributed-69c91108d08185d48c7e8c730a5fbba3', 'save_piv_result_distributed-5afe865d179b194f1f9d889d1edbbb67', 'save_piv_result_distributed-6df1ca941931bc9a08f4e346b5827f8e', 'save_piv_result_distributed-6a321a5004c26d95ad3a2ab2703c730b', 'save_piv_result_distributed-7d981b9b563ac20ecac3012d71afaca2', 'save_piv_result_distributed-ea4b72c418e6570028b3a04831e68027', 'save_piv_result_distributed-58e4e353ec544c516353994233d30123', 'save_piv_result_distributed-42224561e7ce01b5d4053876294d2f22', 'save_piv_result_distributed-78401043d30151da5ccc18caa8f0386e']
Total elapsed time: 7.01 seconds
