2025-11-03 16:46:05,986 [INFO] Logging initialized. Level: INFO, File: pypiv.log
2025-11-03 16:46:05,990 [INFO] Auto-detected compute parameters:
2025-11-03 16:46:05,990 [INFO]   CPU cores: 20
2025-11-03 16:46:05,990 [INFO]   Total memory: 63.46 GB
2025-11-03 16:46:05,990 [INFO]   Workers per node: 20
2025-11-03 16:46:05,990 [INFO]   OMP threads: 2
2025-11-03 16:46:05,990 [INFO]   Memory per worker: 2.86GB
2025-11-03 16:46:05,990 [INFO]   Threads per worker: 1
2025-11-03 16:46:10,273 [INFO] Logging initialized. Level: INFO, File: pypiv.log
2025-11-03 16:46:10,276 [INFO] Logging initialized. Level: INFO, File: pypiv.log
2025-11-03 16:46:10,277 [INFO] Logging initialized. Level: INFO, File: pypiv.log
2025-11-03 16:46:10,338 [INFO] Logging initialized. Level: INFO, File: pypiv.log
2025-11-03 16:46:10,338 [INFO] Logging initialized. Level: INFO, File: pypiv.log
2025-11-03 16:46:10,338 [INFO] Logging initialized. Level: INFO, File: pypiv.log
2025-11-03 16:46:10,362 [INFO] Logging initialized. Level: INFO, File: pypiv.log
2025-11-03 16:46:10,429 [INFO] Logging initialized. Level: INFO, File: pypiv.log
2025-11-03 16:46:10,441 [INFO] Logging initialized. Level: INFO, File: pypiv.log
2025-11-03 16:46:10,477 [INFO] Logging initialized. Level: INFO, File: pypiv.log
2025-11-03 16:46:10,516 [INFO] Logging initialized. Level: INFO, File: pypiv.log
2025-11-03 16:46:10,518 [INFO] Logging initialized. Level: INFO, File: pypiv.log
2025-11-03 16:46:10,529 [INFO] Logging initialized. Level: INFO, File: pypiv.log
2025-11-03 16:46:10,553 [INFO] Logging initialized. Level: INFO, File: pypiv.log
2025-11-03 16:46:10,562 [INFO] Logging initialized. Level: INFO, File: pypiv.log
2025-11-03 16:46:10,585 [INFO] Logging initialized. Level: INFO, File: pypiv.log
2025-11-03 16:46:10,598 [INFO] Logging initialized. Level: INFO, File: pypiv.log
2025-11-03 16:46:10,608 [INFO] Logging initialized. Level: INFO, File: pypiv.log
2025-11-03 16:46:10,618 [INFO] Logging initialized. Level: INFO, File: pypiv.log
2025-11-03 16:46:10,618 [INFO] Logging initialized. Level: INFO, File: pypiv.log
2025-11-03 16:46:10,778 [INFO] Worker logging configured successfully
2025-11-03 16:46:10,778 [INFO] Worker logging configured successfully
2025-11-03 16:46:10,778 [INFO] Worker logging configured successfully
2025-11-03 16:46:10,779 [INFO] Worker logging configured successfully
2025-11-03 16:46:10,779 [INFO] Worker logging configured successfully
2025-11-03 16:46:10,780 [INFO] Worker logging configured successfully
2025-11-03 16:46:10,779 [INFO] Worker logging configured successfully
2025-11-03 16:46:10,781 [INFO] Worker logging configured successfully
2025-11-03 16:46:10,781 [INFO] Worker logging configured successfully
2025-11-03 16:46:10,781 [INFO] Worker logging configured successfully
2025-11-03 16:46:10,781 [INFO] Worker logging configured successfully
2025-11-03 16:46:10,782 [INFO] Worker logging configured successfully
2025-11-03 16:46:10,782 [INFO] Worker logging configured successfully
2025-11-03 16:46:10,782 [INFO] Worker logging configured successfully
2025-11-03 16:46:10,782 [INFO] Worker logging configured successfully
2025-11-03 16:46:10,783 [INFO] Worker logging configured successfully
2025-11-03 16:46:10,782 [INFO] Worker logging configured successfully
2025-11-03 16:46:10,783 [INFO] Worker logging configured successfully
2025-11-03 16:46:10,783 [INFO] Worker logging configured successfully
2025-11-03 16:46:10,784 [INFO] Worker logging configured successfully
2025-11-03 16:46:10,786 [INFO] Dask cluster started successfully
2025-11-03 16:46:10,787 [INFO] Dask Worker Info:
2025-11-03 16:46:10,787 [INFO] Worker tcp://127.0.0.1:56906
2025-11-03 16:46:10,787 [INFO]   pid: None
2025-11-03 16:46:10,788 [INFO]   host: 127.0.0.1
2025-11-03 16:46:10,788 [INFO]   local_dir: C:\Users\mtt1e23\AppData\Local\Temp\dask-scratch-space\worker-ifpxwkde
2025-11-03 16:46:10,788 [INFO]   nanny: True
2025-11-03 16:46:10,788 [INFO] Dask Worker Info:
2025-11-03 16:46:10,788 [INFO] Worker tcp://127.0.0.1:56909
2025-11-03 16:46:10,788 [INFO]   pid: None
2025-11-03 16:46:10,788 [INFO]   host: 127.0.0.1
2025-11-03 16:46:10,788 [INFO]   local_dir: C:\Users\mtt1e23\AppData\Local\Temp\dask-scratch-space\worker-yyadag3m
2025-11-03 16:46:10,789 [INFO]   nanny: True
2025-11-03 16:46:10,789 [INFO] Dask Worker Info:
2025-11-03 16:46:10,789 [INFO] Worker tcp://127.0.0.1:56920
2025-11-03 16:46:10,789 [INFO]   pid: None
2025-11-03 16:46:10,789 [INFO]   host: 127.0.0.1
2025-11-03 16:46:10,789 [INFO]   local_dir: C:\Users\mtt1e23\AppData\Local\Temp\dask-scratch-space\worker-f3yb0ep3
2025-11-03 16:46:10,790 [INFO]   nanny: True
2025-11-03 16:46:10,790 [INFO] Dask Worker Info:
2025-11-03 16:46:10,790 [INFO] Worker tcp://127.0.0.1:56923
2025-11-03 16:46:10,790 [INFO]   pid: None
2025-11-03 16:46:10,790 [INFO]   host: 127.0.0.1
2025-11-03 16:46:10,790 [INFO]   local_dir: C:\Users\mtt1e23\AppData\Local\Temp\dask-scratch-space\worker-6zx_bi41
2025-11-03 16:46:10,790 [INFO]   nanny: True
2025-11-03 16:46:10,790 [INFO] Dask Worker Info:
2025-11-03 16:46:10,790 [INFO] Worker tcp://127.0.0.1:56924
2025-11-03 16:46:10,791 [INFO]   pid: None
2025-11-03 16:46:10,791 [INFO]   host: 127.0.0.1
2025-11-03 16:46:10,791 [INFO]   local_dir: C:\Users\mtt1e23\AppData\Local\Temp\dask-scratch-space\worker-oeoo7ygl
2025-11-03 16:46:10,791 [INFO]   nanny: True
2025-11-03 16:46:10,791 [INFO] Processing camera: Cam1 (1/2 cameras)
2025-11-03 16:46:10,791 [INFO] Loading images from set file in directory: C:\Users\mtt1e23\Downloads\ims\ims for camera: Cam1
2025-11-03 16:46:11,034 [INFO] Auto-detected image shape: (2048, 2048)
2025-11-03 16:46:11,064 [INFO] Pre-computing vector masks for Cam1
2025-11-03 16:46:12,312 [INFO] Vector masks computed: 3 passes
2025-11-03 16:46:12,318 [INFO] Successfully cached window padding for 3 passes
2025-11-03 16:46:12,355 [INFO] Successfully cached interpolation grids for 3 passes
2025-11-03 16:46:12,789 [INFO] Pre-computed and broadcast correlator cache for distributed workers
2025-11-03 16:48:14,958 [INFO] Worker saved coordinates to C:\Users\mtt1e23\OneDrive - University of Southampton\Documents\#current_processing\query_JHTDB\Planar_Images_with_wall\bailey\uncalibrated_piv\500\Cam1\instantaneous\coordinates.mat
2025-11-03 16:48:32,747 [INFO] PIV and save completed: 500 frames saved to C:\Users\mtt1e23\OneDrive - University of Southampton\Documents\#current_processing\query_JHTDB\Planar_Images_with_wall\bailey\uncalibrated_piv\500\Cam1\instantaneous
2025-11-03 16:48:32,748 [INFO] Overall progress: 500/1000 frames (50%) - Camera 1 complete
2025-11-03 16:48:32,750 [INFO] Coordinates saved to C:\Users\mtt1e23\OneDrive - University of Southampton\Documents\#current_processing\query_JHTDB\Planar_Images_with_wall\bailey\uncalibrated_piv\500\Cam1\instantaneous
2025-11-03 16:48:32,750 [INFO] Processing camera: Cam2 (2/2 cameras)
2025-11-03 16:48:32,750 [INFO] Loading images from set file in directory: C:\Users\mtt1e23\Downloads\ims\ims for camera: Cam2
2025-11-03 16:48:32,804 [INFO] Pre-computing vector masks for Cam2
2025-11-03 16:48:34,114 [INFO] Vector masks computed: 3 passes
2025-11-03 16:48:34,137 [INFO] Successfully cached window padding for 3 passes
2025-11-03 16:48:34,181 [INFO] Successfully cached interpolation grids for 3 passes
2025-11-03 16:48:34,649 [INFO] Pre-computed and broadcast correlator cache for distributed workers
2025-11-03 16:49:09,346 - distributed.worker - ERROR - Failed to communicate with scheduler during heartbeat.
Traceback (most recent call last):
  File "c:\Users\mtt1e23\OneDrive - University of Southampton\Documents\python-PIVTOOLs\env\Lib\site-packages\tornado\iostream.py", line 861, in _read_to_buffer
    bytes_read = self.read_from_fd(buf)
  File "c:\Users\mtt1e23\OneDrive - University of Southampton\Documents\python-PIVTOOLs\env\Lib\site-packages\tornado\iostream.py", line 1113, in read_from_fd
    return self.socket.recv_into(buf, len(buf))
           ~~~~~~~~~~~~~~~~~~~~~^^^^^^^^^^^^^^^
ConnectionResetError: [WinError 10054] An existing connection was forcibly closed by the remote host

The above exception was the direct cause of the following exception:

Traceback (most recent call last):
  File "c:\Users\mtt1e23\OneDrive - University of Southampton\Documents\python-PIVTOOLs\env\Lib\site-packages\distributed\worker.py", line 1267, in heartbeat
    response = await retry_operation(
               ^^^^^^^^^^^^^^^^^^^^^^
    ...<14 lines>...
    )
    ^
  File "c:\Users\mtt1e23\OneDrive - University of Southampton\Documents\python-PIVTOOLs\env\Lib\site-packages\distributed\utils_comm.py", line 416, in retry_operation
    return await retry(
           ^^^^^^^^^^^^
    ...<5 lines>...
    )
    ^
  File "c:\Users\mtt1e23\OneDrive - University of Southampton\Documents\python-PIVTOOLs\env\Lib\site-packages\distributed\utils_comm.py", line 395, in retry
    return await coro()
           ^^^^^^^^^^^^
  File "c:\Users\mtt1e23\OneDrive - University of Southampton\Documents\python-PIVTOOLs\env\Lib\site-packages\distributed\core.py", line 1259, in send_recv_from_rpc
    return await send_recv(comm=comm, op=key, **kwargs)
           ^^^^^^^^^^^^^^^^^^^^^^^^^^^^^^^^^^^^^^^^^^^^
  File "c:\Users\mtt1e23\OneDrive - University of Southampton\Documents\python-PIVTOOLs\env\Lib\site-packages\distributed\core.py", line 1018, in send_recv
    response = await comm.read(deserializers=deserializers)
               ^^^^^^^^^^^^^^^^^^^^^^^^^^^^^^^^^^^^^^^^^^^^
  File "c:\Users\mtt1e23\OneDrive - University of Southampton\Documents\python-PIVTOOLs\env\Lib\site-packages\distributed\comm\tcp.py", line 237, in read
    convert_stream_closed_error(self, e)
    ~~~~~~~~~~~~~~~~~~~~~~~~~~~^^^^^^^^^
  File "c:\Users\mtt1e23\OneDrive - University of Southampton\Documents\python-PIVTOOLs\env\Lib\site-packages\distributed\comm\tcp.py", line 143, in convert_stream_closed_error
    raise CommClosedError(f"in {obj}: {exc.__class__.__name__}: {exc}") from exc
distributed.comm.core.CommClosedError: in <TCP (closed) ConnectionPool.heartbeat_worker local=tcp://127.0.0.1:52326 remote=tcp://127.0.0.1:58023>: ConnectionResetError: [WinError 10054] An existing connection was forcibly closed by the remote host
2025-11-03 16:49:09,347 - distributed.worker - ERROR - Failed to communicate with scheduler during heartbeat.
Traceback (most recent call last):
  File "c:\Users\mtt1e23\OneDrive - University of Southampton\Documents\python-PIVTOOLs\env\Lib\site-packages\tornado\iostream.py", line 861, in _read_to_buffer
    bytes_read = self.read_from_fd(buf)
  File "c:\Users\mtt1e23\OneDrive - University of Southampton\Documents\python-PIVTOOLs\env\Lib\site-packages\tornado\iostream.py", line 1113, in read_from_fd
    return self.socket.recv_into(buf, len(buf))
           ~~~~~~~~~~~~~~~~~~~~~^^^^^^^^^^^^^^^
ConnectionResetError: [WinError 10054] An existing connection was forcibly closed by the remote host

The above exception was the direct cause of the following exception:

Traceback (most recent call last):
  File "c:\Users\mtt1e23\OneDrive - University of Southampton\Documents\python-PIVTOOLs\env\Lib\site-packages\distributed\worker.py", line 1267, in heartbeat
    response = await retry_operation(
               ^^^^^^^^^^^^^^^^^^^^^^
    ...<14 lines>...
    )
    ^
  File "c:\Users\mtt1e23\OneDrive - University of Southampton\Documents\python-PIVTOOLs\env\Lib\site-packages\distributed\utils_comm.py", line 416, in retry_operation
    return await retry(
           ^^^^^^^^^^^^
    ...<5 lines>...
    )
    ^
  File "c:\Users\mtt1e23\OneDrive - University of Southampton\Documents\python-PIVTOOLs\env\Lib\site-packages\distributed\utils_comm.py", line 395, in retry
    return await coro()
           ^^^^^^^^^^^^
  File "c:\Users\mtt1e23\OneDrive - University of Southampton\Documents\python-PIVTOOLs\env\Lib\site-packages\distributed\core.py", line 1259, in send_recv_from_rpc
    return await send_recv(comm=comm, op=key, **kwargs)
           ^^^^^^^^^^^^^^^^^^^^^^^^^^^^^^^^^^^^^^^^^^^^
  File "c:\Users\mtt1e23\OneDrive - University of Southampton\Documents\python-PIVTOOLs\env\Lib\site-packages\distributed\core.py", line 1018, in send_recv
    response = await comm.read(deserializers=deserializers)
               ^^^^^^^^^^^^^^^^^^^^^^^^^^^^^^^^^^^^^^^^^^^^
  File "c:\Users\mtt1e23\OneDrive - University of Southampton\Documents\python-PIVTOOLs\env\Lib\site-packages\distributed\comm\tcp.py", line 237, in read
    convert_stream_closed_error(self, e)
    ~~~~~~~~~~~~~~~~~~~~~~~~~~~^^^^^^^^^
  File "c:\Users\mtt1e23\OneDrive - University of Southampton\Documents\python-PIVTOOLs\env\Lib\site-packages\distributed\comm\tcp.py", line 143, in convert_stream_closed_error
    raise CommClosedError(f"in {obj}: {exc.__class__.__name__}: {exc}") from exc
distributed.comm.core.CommClosedError: in <TCP (closed) ConnectionPool.heartbeat_worker local=tcp://127.0.0.1:53583 remote=tcp://127.0.0.1:58023>: ConnectionResetError: [WinError 10054] An existing connection was forcibly closed by the remote host
2025-11-03 16:49:09,348 - distributed.worker - ERROR - Failed to communicate with scheduler during heartbeat.
Traceback (most recent call last):
  File "c:\Users\mtt1e23\OneDrive - University of Southampton\Documents\python-PIVTOOLs\env\Lib\site-packages\tornado\iostream.py", line 861, in _read_to_buffer
    bytes_read = self.read_from_fd(buf)
  File "c:\Users\mtt1e23\OneDrive - University of Southampton\Documents\python-PIVTOOLs\env\Lib\site-packages\tornado\iostream.py", line 1113, in read_from_fd
    return self.socket.recv_into(buf, len(buf))
           ~~~~~~~~~~~~~~~~~~~~~^^^^^^^^^^^^^^^
ConnectionResetError: [WinError 10054] An existing connection was forcibly closed by the remote host

The above exception was the direct cause of the following exception:

Traceback (most recent call last):
  File "c:\Users\mtt1e23\OneDrive - University of Southampton\Documents\python-PIVTOOLs\env\Lib\site-packages\distributed\worker.py", line 1267, in heartbeat
    response = await retry_operation(
               ^^^^^^^^^^^^^^^^^^^^^^
    ...<14 lines>...
    )
    ^
  File "c:\Users\mtt1e23\OneDrive - University of Southampton\Documents\python-PIVTOOLs\env\Lib\site-packages\distributed\utils_comm.py", line 416, in retry_operation
    return await retry(
           ^^^^^^^^^^^^
    ...<5 lines>...
    )
    ^
  File "c:\Users\mtt1e23\OneDrive - University of Southampton\Documents\python-PIVTOOLs\env\Lib\site-packages\distributed\utils_comm.py", line 395, in retry
    return await coro()
           ^^^^^^^^^^^^
  File "c:\Users\mtt1e23\OneDrive - University of Southampton\Documents\python-PIVTOOLs\env\Lib\site-packages\distributed\core.py", line 1259, in send_recv_from_rpc
    return await send_recv(comm=comm, op=key, **kwargs)
           ^^^^^^^^^^^^^^^^^^^^^^^^^^^^^^^^^^^^^^^^^^^^
  File "c:\Users\mtt1e23\OneDrive - University of Southampton\Documents\python-PIVTOOLs\env\Lib\site-packages\distributed\core.py", line 1018, in send_recv
    response = await comm.read(deserializers=deserializers)
               ^^^^^^^^^^^^^^^^^^^^^^^^^^^^^^^^^^^^^^^^^^^^
  File "c:\Users\mtt1e23\OneDrive - University of Southampton\Documents\python-PIVTOOLs\env\Lib\site-packages\distributed\comm\tcp.py", line 237, in read
    convert_stream_closed_error(self, e)
    ~~~~~~~~~~~~~~~~~~~~~~~~~~~^^^^^^^^^
  File "c:\Users\mtt1e23\OneDrive - University of Southampton\Documents\python-PIVTOOLs\env\Lib\site-packages\distributed\comm\tcp.py", line 143, in convert_stream_closed_error
    raise CommClosedError(f"in {obj}: {exc.__class__.__name__}: {exc}") from exc
distributed.comm.core.CommClosedError: in <TCP (closed) ConnectionPool.heartbeat_worker local=tcp://127.0.0.1:55226 remote=tcp://127.0.0.1:58023>: ConnectionResetError: [WinError 10054] An existing connection was forcibly closed by the remote host
2025-11-03 16:49:09,348 - distributed.worker - ERROR - Failed to communicate with scheduler during heartbeat.
Traceback (most recent call last):
  File "c:\Users\mtt1e23\OneDrive - University of Southampton\Documents\python-PIVTOOLs\env\Lib\site-packages\tornado\iostream.py", line 861, in _read_to_buffer
    bytes_read = self.read_from_fd(buf)
  File "c:\Users\mtt1e23\OneDrive - University of Southampton\Documents\python-PIVTOOLs\env\Lib\site-packages\tornado\iostream.py", line 1113, in read_from_fd
    return self.socket.recv_into(buf, len(buf))
           ~~~~~~~~~~~~~~~~~~~~~^^^^^^^^^^^^^^^
ConnectionResetError: [WinError 10054] An existing connection was forcibly closed by the remote host

The above exception was the direct cause of the following exception:

Traceback (most recent call last):
  File "c:\Users\mtt1e23\OneDrive - University of Southampton\Documents\python-PIVTOOLs\env\Lib\site-packages\distributed\worker.py", line 1267, in heartbeat
    response = await retry_operation(
               ^^^^^^^^^^^^^^^^^^^^^^
    ...<14 lines>...
    )
    ^
  File "c:\Users\mtt1e23\OneDrive - University of Southampton\Documents\python-PIVTOOLs\env\Lib\site-packages\distributed\utils_comm.py", line 416, in retry_operation
    return await retry(
           ^^^^^^^^^^^^
    ...<5 lines>...
    )
    ^
  File "c:\Users\mtt1e23\OneDrive - University of Southampton\Documents\python-PIVTOOLs\env\Lib\site-packages\distributed\utils_comm.py", line 395, in retry
    return await coro()
           ^^^^^^^^^^^^
  File "c:\Users\mtt1e23\OneDrive - University of Southampton\Documents\python-PIVTOOLs\env\Lib\site-packages\distributed\core.py", line 1259, in send_recv_from_rpc
    return await send_recv(comm=comm, op=key, **kwargs)
           ^^^^^^^^^^^^^^^^^^^^^^^^^^^^^^^^^^^^^^^^^^^^
  File "c:\Users\mtt1e23\OneDrive - University of Southampton\Documents\python-PIVTOOLs\env\Lib\site-packages\distributed\core.py", line 1018, in send_recv
    response = await comm.read(deserializers=deserializers)
               ^^^^^^^^^^^^^^^^^^^^^^^^^^^^^^^^^^^^^^^^^^^^
  File "c:\Users\mtt1e23\OneDrive - University of Southampton\Documents\python-PIVTOOLs\env\Lib\site-packages\distributed\comm\tcp.py", line 237, in read
    convert_stream_closed_error(self, e)
    ~~~~~~~~~~~~~~~~~~~~~~~~~~~^^^^^^^^^
  File "c:\Users\mtt1e23\OneDrive - University of Southampton\Documents\python-PIVTOOLs\env\Lib\site-packages\distributed\comm\tcp.py", line 143, in convert_stream_closed_error
    raise CommClosedError(f"in {obj}: {exc.__class__.__name__}: {exc}") from exc
distributed.comm.core.CommClosedError: in <TCP (closed) ConnectionPool.heartbeat_worker local=tcp://127.0.0.1:62978 remote=tcp://127.0.0.1:58023>: ConnectionResetError: [WinError 10054] An existing connection was forcibly closed by the remote host
