=== PIV Job piv_20251106_143631 Started ===
Command: C:\Users\mtt1e23\OneDrive - University of Southampton\Documents\python-PIVTOOLs\env\Scripts\python.exe C:\Users\mtt1e23\OneDrive - University of Southampton\Documents\python-PIVTOOLs\pypivtools\example.py
Working Directory: C:\Users\mtt1e23\OneDrive - University of Southampton\Documents\python-PIVTOOLs
==================================================

2025-11-06 14:36:37,365 [INFO] Logging initialized. Level: INFO, File: pypiv.log
2025-11-06 14:36:41,329 [INFO] Logging initialized. Level: INFO, File: pypiv.log
2025-11-06 14:36:41,371 [INFO] Logging initialized. Level: INFO, File: pypiv.log
2025-11-06 14:36:41,411 [INFO] Logging initialized. Level: INFO, File: pypiv.log
2025-11-06 14:36:41,412 [INFO] Logging initialized. Level: INFO, File: pypiv.log
2025-11-06 14:36:41,443 [INFO] Logging initialized. Level: INFO, File: pypiv.log
2025-11-06 14:36:41,444 [INFO] Logging initialized. Level: INFO, File: pypiv.log
2025-11-06 14:36:41,445 [INFO] Logging initialized. Level: INFO, File: pypiv.log
2025-11-06 14:36:41,483 [INFO] Logging initialized. Level: INFO, File: pypiv.log
2025-11-06 14:36:41,483 [INFO] Logging initialized. Level: INFO, File: pypiv.log
2025-11-06 14:36:41,488 [INFO] Logging initialized. Level: INFO, File: pypiv.log
2025-11-06 14:36:41,652 [INFO] Worker logging configured successfully
2025-11-06 14:36:41,652 [INFO] Worker logging configured successfully
2025-11-06 14:36:41,653 [INFO] Worker logging configured successfully
2025-11-06 14:36:41,653 [INFO] Worker logging configured successfully
2025-11-06 14:36:41,654 [INFO] Worker logging configured successfully
2025-11-06 14:36:41,652 [INFO] Worker logging configured successfully
2025-11-06 14:36:41,653 [INFO] Worker logging configured successfully
2025-11-06 14:36:41,653 [INFO] Worker logging configured successfully
2025-11-06 14:36:41,654 [INFO] Worker logging configured successfully
2025-11-06 14:36:41,653 [INFO] Worker logging configured successfully
2025-11-06 14:36:41,660 [INFO] Dask cluster started successfully
2025-11-06 14:36:41,661 [INFO] Dask Worker Info:
2025-11-06 14:36:41,661 [INFO] Worker tcp://127.0.0.1:60378
2025-11-06 14:36:41,661 [INFO]   pid: None
2025-11-06 14:36:41,662 [INFO]   host: 127.0.0.1
2025-11-06 14:36:41,662 [INFO]   local_dir: C:\Users\mtt1e23\AppData\Local\Temp\dask-scratch-space\worker-awxvdl9l
2025-11-06 14:36:41,662 [INFO]   nanny: True
2025-11-06 14:36:41,662 [INFO] Dask Worker Info:
2025-11-06 14:36:41,663 [INFO] Worker tcp://127.0.0.1:60383
2025-11-06 14:36:41,663 [INFO]   pid: None
2025-11-06 14:36:41,663 [INFO]   host: 127.0.0.1
2025-11-06 14:36:41,663 [INFO]   local_dir: C:\Users\mtt1e23\AppData\Local\Temp\dask-scratch-space\worker-nlzals4r
2025-11-06 14:36:41,663 [INFO]   nanny: True
2025-11-06 14:36:41,663 [INFO] Dask Worker Info:
2025-11-06 14:36:41,663 [INFO] Worker tcp://127.0.0.1:60390
2025-11-06 14:36:41,664 [INFO]   pid: None
2025-11-06 14:36:41,664 [INFO]   host: 127.0.0.1
2025-11-06 14:36:41,664 [INFO]   local_dir: C:\Users\mtt1e23\AppData\Local\Temp\dask-scratch-space\worker-m2vfkey_
2025-11-06 14:36:41,664 [INFO]   nanny: True
2025-11-06 14:36:41,664 [INFO] Dask Worker Info:
2025-11-06 14:36:41,664 [INFO] Worker tcp://127.0.0.1:60391
2025-11-06 14:36:41,664 [INFO]   pid: None
2025-11-06 14:36:41,665 [INFO]   host: 127.0.0.1
2025-11-06 14:36:41,665 [INFO]   local_dir: C:\Users\mtt1e23\AppData\Local\Temp\dask-scratch-space\worker-9tkqy1_x
2025-11-06 14:36:41,665 [INFO]   nanny: True
2025-11-06 14:36:41,665 [INFO] Dask Worker Info:
2025-11-06 14:36:41,665 [INFO] Worker tcp://127.0.0.1:60402
2025-11-06 14:36:41,666 [INFO]   pid: None
2025-11-06 14:36:41,666 [INFO]   host: 127.0.0.1
2025-11-06 14:36:41,666 [INFO]   local_dir: C:\Users\mtt1e23\AppData\Local\Temp\dask-scratch-space\worker-33b8r0yk
2025-11-06 14:36:41,666 [INFO]   nanny: True
2025-11-06 14:36:41,666 [INFO] Processing camera: Cam1
2025-11-06 14:36:42,331 [INFO] Auto-detected image shape: (3248, 4872)
2025-11-06 14:36:42.333 | INFO     | image_handling.load_images:load_images:223 - Loaded 100 images with optimal chunking: 10 chunks of size ~10
2025-11-06 14:36:42.334 | DEBUG    | image_handling.load_images:load_mask_for_camera:328 - Loading mask for Cam1 from D:\DAVIS_BFS\gF_Ramp_experiment\BFS_1500_1\mask_Cam1.mat
2025-11-06 14:36:42.378 | DEBUG    | image_handling.load_images:load_mask_for_camera:339 - Mask loaded: 5209970/15824256 pixels masked (32.9%)
2025-11-06 14:36:42,378 [INFO] Pre-computing vector masks for Cam1
2025-11-06 14:36:44.170 | DEBUG    | image_handling.load_images:compute_vector_mask:476 - Pass 1: 1240/3675 vectors masked (33.7%), window size: (128, 128)
2025-11-06 14:36:45.179 | DEBUG    | image_handling.load_images:compute_vector_mask:476 - Pass 2: 5083/15100 vectors masked (33.7%), window size: (64, 64)
2025-11-06 14:36:45.728 | DEBUG    | image_handling.load_images:compute_vector_mask:476 - Pass 3: 20446/61206 vectors masked (33.4%), window size: (32, 32)
2025-11-06 14:36:45,732 [INFO] Vector masks computed: 3 passes
2025-11-06 14:36:45,833 [INFO] Successfully cached window padding for 3 passes
2025-11-06 14:36:45,966 [INFO] Successfully cached interpolation grids for 3 passes
2025-11-06 14:36:46,916 [INFO] Pre-computed and broadcast correlator cache for distributed workers
2025-11-06 14:36:46,943 [INFO] Broadcast vector masks to all workers (78.1 KB total)
2025-11-06 14:36:46,943 [INFO] Processing batch 0-9 (10 images)
2025-11-06 14:37:04,319 [INFO] Batch 0-9 completed successfully
2025-11-06 14:37:04,403 [INFO] Processing batch 10-19 (10 images)
