2025-11-03 17:09:37,674 [INFO] Logging initialized. Level: INFO, File: pypiv.log
2025-11-03 17:09:37,677 [INFO] Auto-detected compute parameters:
2025-11-03 17:09:37,677 [INFO]   CPU cores: 20
2025-11-03 17:09:37,677 [INFO]   Total memory: 63.46 GB
2025-11-03 17:09:37,677 [INFO]   Workers per node: 20
2025-11-03 17:09:37,677 [INFO]   OMP threads: 2
2025-11-03 17:09:37,678 [INFO]   Memory per worker: 2.86GB
2025-11-03 17:09:37,678 [INFO]   Threads per worker: 1
2025-11-03 17:09:41,852 [INFO] Logging initialized. Level: INFO, File: pypiv.log
2025-11-03 17:09:41,874 [INFO] Logging initialized. Level: INFO, File: pypiv.log
2025-11-03 17:09:41,909 [INFO] Logging initialized. Level: INFO, File: pypiv.log
2025-11-03 17:09:41,913 [INFO] Logging initialized. Level: INFO, File: pypiv.log
2025-11-03 17:09:41,924 [INFO] Logging initialized. Level: INFO, File: pypiv.log
2025-11-03 17:09:41,936 [INFO] Logging initialized. Level: INFO, File: pypiv.log
2025-11-03 17:09:41,985 [INFO] Logging initialized. Level: INFO, File: pypiv.log
2025-11-03 17:09:42,009 [INFO] Logging initialized. Level: INFO, File: pypiv.log
2025-11-03 17:09:42,013 [INFO] Logging initialized. Level: INFO, File: pypiv.log
2025-11-03 17:09:42,019 [INFO] Logging initialized. Level: INFO, File: pypiv.log
2025-11-03 17:09:42,102 [INFO] Logging initialized. Level: INFO, File: pypiv.log
2025-11-03 17:09:42,134 [INFO] Logging initialized. Level: INFO, File: pypiv.log
2025-11-03 17:09:42,153 [INFO] Logging initialized. Level: INFO, File: pypiv.log
2025-11-03 17:09:42,166 [INFO] Logging initialized. Level: INFO, File: pypiv.log
2025-11-03 17:09:42,168 [INFO] Logging initialized. Level: INFO, File: pypiv.log
2025-11-03 17:09:42,193 [INFO] Logging initialized. Level: INFO, File: pypiv.log
2025-11-03 17:09:42,195 [INFO] Logging initialized. Level: INFO, File: pypiv.log
2025-11-03 17:09:42,196 [INFO] Logging initialized. Level: INFO, File: pypiv.log
2025-11-03 17:09:42,202 [INFO] Logging initialized. Level: INFO, File: pypiv.log
2025-11-03 17:09:42,202 [INFO] Logging initialized. Level: INFO, File: pypiv.log
2025-11-03 17:09:42,346 [INFO] Worker logging configured successfully
2025-11-03 17:09:42,347 [INFO] Worker logging configured successfully
2025-11-03 17:09:42,347 [INFO] Worker logging configured successfully
2025-11-03 17:09:42,348 [INFO] Worker logging configured successfully
2025-11-03 17:09:42,350 [INFO] Worker logging configured successfully
2025-11-03 17:09:42,350 [INFO] Worker logging configured successfully
2025-11-03 17:09:42,350 [INFO] Worker logging configured successfully
2025-11-03 17:09:42,351 [INFO] Worker logging configured successfully
2025-11-03 17:09:42,351 [INFO] Worker logging configured successfully
2025-11-03 17:09:42,351 [INFO] Worker logging configured successfully
2025-11-03 17:09:42,351 [INFO] Worker logging configured successfully
2025-11-03 17:09:42,351 [INFO] Worker logging configured successfully
2025-11-03 17:09:42,351 [INFO] Worker logging configured successfully
2025-11-03 17:09:42,351 [INFO] Worker logging configured successfully
2025-11-03 17:09:42,351 [INFO] Worker logging configured successfully
2025-11-03 17:09:42,351 [INFO] Worker logging configured successfully
2025-11-03 17:09:42,351 [INFO] Worker logging configured successfully
2025-11-03 17:09:42,351 [INFO] Worker logging configured successfully
2025-11-03 17:09:42,352 [INFO] Worker logging configured successfully
2025-11-03 17:09:42,352 [INFO] Worker logging configured successfully
2025-11-03 17:09:42,354 [INFO] Dask cluster started successfully
2025-11-03 17:09:42,355 [INFO] Dask Worker Info:
2025-11-03 17:09:42,355 [INFO] Worker tcp://127.0.0.1:56666
2025-11-03 17:09:42,355 [INFO]   pid: None
2025-11-03 17:09:42,355 [INFO]   host: 127.0.0.1
2025-11-03 17:09:42,356 [INFO]   local_dir: C:\Users\mtt1e23\AppData\Local\Temp\dask-scratch-space\worker-hdra6d1f
2025-11-03 17:09:42,356 [INFO]   nanny: True
2025-11-03 17:09:42,356 [INFO] Dask Worker Info:
2025-11-03 17:09:42,356 [INFO] Worker tcp://127.0.0.1:56675
2025-11-03 17:09:42,356 [INFO]   pid: None
2025-11-03 17:09:42,356 [INFO]   host: 127.0.0.1
2025-11-03 17:09:42,357 [INFO]   local_dir: C:\Users\mtt1e23\AppData\Local\Temp\dask-scratch-space\worker-nnko9wdx
2025-11-03 17:09:42,357 [INFO]   nanny: True
2025-11-03 17:09:42,357 [INFO] Dask Worker Info:
2025-11-03 17:09:42,357 [INFO] Worker tcp://127.0.0.1:56680
2025-11-03 17:09:42,357 [INFO]   pid: None
2025-11-03 17:09:42,357 [INFO]   host: 127.0.0.1
2025-11-03 17:09:42,357 [INFO]   local_dir: C:\Users\mtt1e23\AppData\Local\Temp\dask-scratch-space\worker-cfxnfni4
2025-11-03 17:09:42,357 [INFO]   nanny: True
2025-11-03 17:09:42,358 [INFO] Dask Worker Info:
2025-11-03 17:09:42,358 [INFO] Worker tcp://127.0.0.1:56681
2025-11-03 17:09:42,358 [INFO]   pid: None
2025-11-03 17:09:42,358 [INFO]   host: 127.0.0.1
2025-11-03 17:09:42,358 [INFO]   local_dir: C:\Users\mtt1e23\AppData\Local\Temp\dask-scratch-space\worker-jsbdmahv
2025-11-03 17:09:42,358 [INFO]   nanny: True
2025-11-03 17:09:42,358 [INFO] Dask Worker Info:
2025-11-03 17:09:42,358 [INFO] Worker tcp://127.0.0.1:56682
2025-11-03 17:09:42,358 [INFO]   pid: None
2025-11-03 17:09:42,358 [INFO]   host: 127.0.0.1
2025-11-03 17:09:42,358 [INFO]   local_dir: C:\Users\mtt1e23\AppData\Local\Temp\dask-scratch-space\worker-vw28zrdr
2025-11-03 17:09:42,358 [INFO]   nanny: True
2025-11-03 17:09:42,358 [INFO] Processing camera: Cam1 (1/2 cameras)
2025-11-03 17:09:42,358 [INFO] Loading images from set file in directory: C:\Users\mtt1e23\Downloads\ims\ims for camera: Cam1
2025-11-03 17:09:42,555 [INFO] Auto-detected image shape: (2048, 2048)
2025-11-03 17:09:42,567 [INFO] Pre-computing vector masks for Cam1
2025-11-03 17:09:43,865 [INFO] Vector masks computed: 3 passes
2025-11-03 17:09:43,874 [INFO] Successfully cached window padding for 3 passes
2025-11-03 17:09:43,912 [INFO] Successfully cached interpolation grids for 3 passes
2025-11-03 17:09:44,372 [INFO] Pre-computed and broadcast correlator cache for distributed workers
2025-11-03 17:09:59,061 [INFO] Worker saved coordinates to C:\Users\mtt1e23\OneDrive - University of Southampton\Documents\#current_processing\query_JHTDB\Planar_Images_with_wall\bailey\uncalibrated_piv\100\Cam1\instantaneous\coordinates.mat
