2025-11-07 14:56:25,798 [INFO] Logging initialized. Level: INFO, File: pypiv.log
2025-11-07 14:56:28,712 [INFO] Logging initialized. Level: INFO, File: pypiv.log
2025-11-07 14:56:28,848 [INFO] Worker logging configured successfully
2025-11-07 14:56:28,848 [INFO] Dask cluster started successfully
2025-11-07 14:56:28,849 [INFO] Dask Worker Info:
2025-11-07 14:56:28,849 [INFO] Worker tcp://127.0.0.1:55722
2025-11-07 14:56:28,849 [INFO]   pid: None
2025-11-07 14:56:28,849 [INFO]   host: 127.0.0.1
2025-11-07 14:56:28,849 [INFO]   local_dir: C:\Users\mtt1e23\AppData\Local\Temp\dask-scratch-space\worker-kkmmi7tl
2025-11-07 14:56:28,850 [INFO]   nanny: True
2025-11-07 14:56:28,850 [INFO] Processing camera: Cam1
2025-11-07 14:56:28.850 | INFO     | image_handling.load_images:load_images:191 - Creating 50 delayed tasks for lazy loading (Cam1)
2025-11-07 14:56:29,528 [INFO] Auto-detected image shape: (3248, 4872)
2025-11-07 14:56:29.530 | INFO     | image_handling.load_images:load_images:205 - Lazy loading complete: 50 independent delayed tasks created (~50 KB memory footprint)
2025-11-07 14:56:29,530 [INFO] Filter 'pod' requires batching. Using batch_size=25
2025-11-07 14:56:29,530 [INFO] Rechunking images for batch processing (batch_size=25)
2025-11-07 14:56:29,531 [INFO] Applying filter: {'type': 'pod'}
2025-11-07 14:56:29,531 [INFO] Rechunking back to single images for PIV processing
2025-11-07 14:56:29.532 | DEBUG    | image_handling.load_images:load_mask_for_camera:310 - Loading mask for Cam1 from D:\DAVIS_BFS\gF_Ramp_experiment\BFS_1500_1\mask_Cam1.mat
2025-11-07 14:56:29.589 | DEBUG    | image_handling.load_images:load_mask_for_camera:321 - Mask loaded: 5209970/15824256 pixels masked (32.9%)
2025-11-07 14:56:29,590 [INFO] Pre-computing vector masks for Cam1
2025-11-07 14:56:31.588 | DEBUG    | image_handling.load_images:compute_vector_mask:458 - Pass 1: 1240/3675 vectors masked (33.7%), window size: (128, 128)
2025-11-07 14:56:32.710 | DEBUG    | image_handling.load_images:compute_vector_mask:458 - Pass 2: 5083/15100 vectors masked (33.7%), window size: (64, 64)
2025-11-07 14:56:33.378 | DEBUG    | image_handling.load_images:compute_vector_mask:458 - Pass 3: 20446/61206 vectors masked (33.4%), window size: (32, 32)
2025-11-07 14:56:33,381 [INFO] Vector masks computed: 3 passes
2025-11-07 14:56:33,472 [INFO] Successfully cached window padding for 3 passes
2025-11-07 14:56:33,619 [INFO] Successfully cached interpolation grids for 3 passes
2025-11-07 14:56:33,977 [INFO] Broadcast correlator cache to all workers
2025-11-07 14:56:33,979 [INFO] Broadcast vector masks to all workers (78.1 KB)
2025-11-07 14:56:33,982 [INFO] Submitting 50 independent tasks to cluster
2025-11-07 14:56:33,986 [INFO] Tasks submitted. Dask scheduler managing distribution across workers. Each worker processes ONE image at a time.
2025-11-07 14:58:42,068 [INFO] All 50 images processed successfully
2025-11-07 14:58:42,089 [INFO] PIV and save completed: 50 frames saved to C:\Users\mtt1e23\Downloads\calibrated_piv_morgan\uncalibrated_piv\50\Cam1\instantaneous
2025-11-07 14:58:42,137 [INFO] Worker saved coordinates to C:\Users\mtt1e23\Downloads\calibrated_piv_morgan\uncalibrated_piv\50\Cam1\instantaneous\coordinates.mat
2025-11-07 14:58:42,141 [INFO] Coordinates saved to C:\Users\mtt1e23\Downloads\calibrated_piv_morgan\uncalibrated_piv\50\Cam1\instantaneous
2025-11-07 14:58:42,141 [INFO] Processing camera: Cam2
2025-11-07 14:58:42.141 | INFO     | image_handling.load_images:load_images:191 - Creating 50 delayed tasks for lazy loading (Cam2)
2025-11-07 14:58:42.145 | INFO     | image_handling.load_images:load_images:205 - Lazy loading complete: 50 independent delayed tasks created (~50 KB memory footprint)
2025-11-07 14:58:42,145 [INFO] Filter 'pod' requires batching. Using batch_size=25
2025-11-07 14:58:42,145 [INFO] Rechunking images for batch processing (batch_size=25)
2025-11-07 14:58:42,145 [INFO] Applying filter: {'type': 'pod'}
2025-11-07 14:58:42,146 [INFO] Rechunking back to single images for PIV processing
2025-11-07 14:58:42.148 | DEBUG    | image_handling.load_images:load_mask_for_camera:310 - Loading mask for Cam2 from D:\DAVIS_BFS\gF_Ramp_experiment\BFS_1500_1\mask_Cam2.mat
2025-11-07 14:58:42.221 | DEBUG    | image_handling.load_images:load_mask_for_camera:321 - Mask loaded: 4056960/15824256 pixels masked (25.6%)
2025-11-07 14:58:42,222 [INFO] Pre-computing vector masks for Cam2
2025-11-07 14:58:44.324 | DEBUG    | image_handling.load_images:compute_vector_mask:458 - Pass 1: 975/3675 vectors masked (26.5%), window size: (128, 128)
2025-11-07 14:58:45.443 | DEBUG    | image_handling.load_images:compute_vector_mask:458 - Pass 2: 3926/15100 vectors masked (26.0%), window size: (64, 64)
2025-11-07 14:58:46.139 | DEBUG    | image_handling.load_images:compute_vector_mask:458 - Pass 3: 16059/61206 vectors masked (26.2%), window size: (32, 32)
2025-11-07 14:58:46,142 [INFO] Vector masks computed: 3 passes
2025-11-07 14:58:46,144 [INFO] Successfully cached window padding for 3 passes
2025-11-07 14:58:46,285 [INFO] Successfully cached interpolation grids for 3 passes
2025-11-07 14:58:46,800 [INFO] Broadcast correlator cache to all workers
2025-11-07 14:58:46,804 [INFO] Broadcast vector masks to all workers (78.1 KB)
2025-11-07 14:58:46,807 [INFO] Submitting 50 independent tasks to cluster
2025-11-07 14:58:46,812 [INFO] Tasks submitted. Dask scheduler managing distribution across workers. Each worker processes ONE image at a time.
2025-11-07 15:00:59,311 [INFO] All 50 images processed successfully
2025-11-07 15:00:59,325 [INFO] PIV and save completed: 50 frames saved to C:\Users\mtt1e23\Downloads\calibrated_piv_morgan\uncalibrated_piv\50\Cam2\instantaneous
2025-11-07 15:00:59,349 [INFO] Worker saved coordinates to C:\Users\mtt1e23\Downloads\calibrated_piv_morgan\uncalibrated_piv\50\Cam2\instantaneous\coordinates.mat
2025-11-07 15:00:59,352 [INFO] Coordinates saved to C:\Users\mtt1e23\Downloads\calibrated_piv_morgan\uncalibrated_piv\50\Cam2\instantaneous
Total elapsed time: 273.54 seconds
