2025-11-16 16:08:43,160 [INFO] Logging initialized. Level: INFO, File: pypiv.log
2025-11-16 16:08:43,166 [INFO] Config YAML:
batches:
  size: 25
calibration:
  active: pinhole
  pinhole:
    asymmetric: false
    camera: 1
    dot_distance_mm: 28.9
    dot_spacing_mm: 28.89
    dt: 0.0275
    enhance_dots: true
    file_pattern: calib%05d.tif
    grid_tolerance: 0.5
    image_index: 0
    pattern_cols: 10
    pattern_rows: 10
    ransac_threshold: 3
    source_path_idx: 0
  scale_factor:
    dt: 0.56
    px_per_mm: 3.41
    source_path_idx: 0
  stereo:
    asymmetric: false
    camera_pair:
    - 1
    - 2
    dot_spacing_mm: 28.89
    dt: 2
    enhance_dots: true
    file_pattern: planar_calibration_plate_*.tif
    pattern_cols: 10
    pattern_rows: 10
    source_path_idx: 0
calibration_format:
  image_format: calib%05d.tif
filters: []
images:
  dtype: float32
  image_format:
  - B%05d_A.tif
  - B%05d_A.tif
  num_images: 100
  time_resolved: false
  vector_format:
  - B%05d.mat
infilling:
  final_pass:
    enabled: true
    method: biharmonic
    parameters:
      ksize: 3
  mid_pass:
    method: biharmonic
    parameters:
      ksize: 3
instantaneous_piv:
  num_peaks: 1
  overlap:
  - 50
  - 50
  - 50
  peak_finder: gauss3
  runs:
  - 3
  secondary_peak: false
  time_resolved: false
  window_size:
  - - 128
    - 128
  - - 64
    - 64
  - - 32
    - 32
  window_type: gaussian
logging:
  console: true
  file: pypiv.log
  level: INFO
masking:
  enabled: true
  mask_file_pattern: mask_Cam%d.mat
  mask_threshold: 0.01
  mode: rectangular
  rectangular:
    bottom: 64
    left: 0
    right: 0
    top: 64
outlier_detection:
  enabled: true
  methods:
  - threshold: 0.25
    type: peak_mag
  - epsilon: 0.2
    threshold: 2
    type: median_2d
paths:
  base_paths:
  - /Users/morgan/Library/CloudStorage/OneDrive-UniversityofSouthampton/Documents/#current_processing/query_JHTDB/Planar_Images_with_wall/temporal
  camera_count: 1
  camera_numbers:
  - 1
  source_paths:
  - /Users/morgan/Library/CloudStorage/OneDrive-UniversityofSouthampton/Documents/#current_processing/query_JHTDB/Planar_Images_with_wall
plots:
  fontsize: 14
  save_extension: .png
  save_pickle: true
  title_fontsize: 16
processing:
  auto_compute_params: false
  backend: cpu
  dask_memory_limit: 2GB
  dask_threads_per_worker: 1
  dask_workers_per_node: 5
  debug: false
  ensemble: false
  instantaneous: true
  omp_threads: 2
  stereo: false
statistics_extraction: null
videos:
- endpoint: ''
  type: instantaneous
  use_merged: false
  variable: ux
  video_length: 100

2025-11-16 16:08:44,795 [INFO] Logging initialized. Level: INFO, File: pypiv.log
2025-11-16 16:08:44,811 [INFO] Logging initialized. Level: INFO, File: pypiv.log
2025-11-16 16:08:44,830 [INFO] Logging initialized. Level: INFO, File: pypiv.log
2025-11-16 16:08:44,835 [INFO] Logging initialized. Level: INFO, File: pypiv.log
2025-11-16 16:08:44,846 [INFO] Logging initialized. Level: INFO, File: pypiv.log
2025-11-16 16:08:44,908 [INFO] Worker logging configured successfully
2025-11-16 16:08:44,908 [INFO] Worker logging configured successfully
2025-11-16 16:08:44,909 [INFO] Worker logging configured successfully
2025-11-16 16:08:44,909 [INFO] Worker logging configured successfully
2025-11-16 16:08:44,909 [INFO] Worker logging configured successfully
2025-11-16 16:08:44,909 [INFO] Dask cluster started successfully
2025-11-16 16:08:44,910 [INFO] Dask Worker Info:
2025-11-16 16:08:44,910 [INFO] Worker tcp://127.0.0.1:60330
2025-11-16 16:08:44,910 [INFO]   pid: None
2025-11-16 16:08:44,910 [INFO]   host: 127.0.0.1
2025-11-16 16:08:44,910 [INFO]   local_dir: /var/folders/zw/lm12s13x5td0brx_jr0b2lmr0000gn/T/dask-scratch-space/worker-qeh6cvlr
2025-11-16 16:08:44,910 [INFO]   nanny: True
2025-11-16 16:08:44,910 [INFO] Dask Worker Info:
2025-11-16 16:08:44,910 [INFO] Worker tcp://127.0.0.1:60333
2025-11-16 16:08:44,910 [INFO]   pid: None
2025-11-16 16:08:44,910 [INFO]   host: 127.0.0.1
2025-11-16 16:08:44,910 [INFO]   local_dir: /var/folders/zw/lm12s13x5td0brx_jr0b2lmr0000gn/T/dask-scratch-space/worker-oqmeyyzs
2025-11-16 16:08:44,910 [INFO]   nanny: True
2025-11-16 16:08:44,910 [INFO] Dask Worker Info:
2025-11-16 16:08:44,910 [INFO] Worker tcp://127.0.0.1:60336
2025-11-16 16:08:44,910 [INFO]   pid: None
2025-11-16 16:08:44,910 [INFO]   host: 127.0.0.1
2025-11-16 16:08:44,910 [INFO]   local_dir: /var/folders/zw/lm12s13x5td0brx_jr0b2lmr0000gn/T/dask-scratch-space/worker-5b035a62
2025-11-16 16:08:44,910 [INFO]   nanny: True
2025-11-16 16:08:44,910 [INFO] Dask Worker Info:
2025-11-16 16:08:44,910 [INFO] Worker tcp://127.0.0.1:60339
2025-11-16 16:08:44,910 [INFO]   pid: None
2025-11-16 16:08:44,910 [INFO]   host: 127.0.0.1
2025-11-16 16:08:44,910 [INFO]   local_dir: /var/folders/zw/lm12s13x5td0brx_jr0b2lmr0000gn/T/dask-scratch-space/worker-yx46wxur
2025-11-16 16:08:44,910 [INFO]   nanny: True
2025-11-16 16:08:44,910 [INFO] Dask Worker Info:
2025-11-16 16:08:44,911 [INFO] Worker tcp://127.0.0.1:60342
2025-11-16 16:08:44,911 [INFO]   pid: None
2025-11-16 16:08:44,911 [INFO]   host: 127.0.0.1
2025-11-16 16:08:44,911 [INFO]   local_dir: /var/folders/zw/lm12s13x5td0brx_jr0b2lmr0000gn/T/dask-scratch-space/worker-5230py8c
2025-11-16 16:08:44,911 [INFO]   nanny: True
2025-11-16 16:08:44,911 [INFO] Processing camera: Cam1
2025-11-16 16:08:44.911 | INFO     | pivtools_core.image_handling.load_images:load_images:182 - Creating 100 delayed tasks for lazy loading (Cam1)
2025-11-16 16:08:44,913 [INFO] _detect_image_shape: image_format = ('B%05d_A.tif', 'B%05d_A.tif'), type = <class 'tuple'>
2025-11-16 16:08:44,913 [INFO] Source path: /Users/morgan/Library/CloudStorage/OneDrive-UniversityofSouthampton/Documents/#current_processing/query_JHTDB/Planar_Images_with_wall, Camera: 1
2025-11-16 16:08:44,913 [INFO] Camera path: /Users/morgan/Library/CloudStorage/OneDrive-UniversityofSouthampton/Documents/#current_processing/query_JHTDB/Planar_Images_with_wall/Cam1
2025-11-16 16:08:44,913 [INFO] Trying to read regular file: /Users/morgan/Library/CloudStorage/OneDrive-UniversityofSouthampton/Documents/#current_processing/query_JHTDB/Planar_Images_with_wall/Cam1/B00001_A.tif
2025-11-16 16:08:44,918 [INFO] Detected image shape: (1152, 1024)
2025-11-16 16:08:44,918 [INFO] Auto-detected image shape: (1152, 1024)
2025-11-16 16:08:44.921 | INFO     | pivtools_core.image_handling.load_images:load_images:196 - Lazy loading complete: 100 independent delayed tasks created (~100 KB memory footprint)
2025-11-16 16:08:44,921 [INFO] No filters configured, skipping preprocessing
2025-11-16 16:08:44.921 | DEBUG    | pivtools_core.image_handling.load_images:load_mask_for_camera:286 - Using rectangular edge masking
2025-11-16 16:08:44.922 | DEBUG    | pivtools_core.image_handling.load_images:create_rectangular_mask:241 - Created rectangular mask: top=64, bottom=64, left=0, right=0 (131072/1179648 pixels = 11.1%)
2025-11-16 16:08:44,922 [INFO] Pre-computing vector masks for Cam1
2025-11-16 16:08:45.142 | DEBUG    | pivtools_core.image_handling.load_images:compute_vector_mask:449 - Pass 1: 30/255 vectors masked (11.8%), window size: (128, 128)
2025-11-16 16:08:45.244 | DEBUG    | pivtools_core.image_handling.load_images:compute_vector_mask:449 - Pass 2: 155/1085 vectors masked (14.3%), window size: (64, 64)
2025-11-16 16:08:45.284 | DEBUG    | pivtools_core.image_handling.load_images:compute_vector_mask:449 - Pass 3: 567/4473 vectors masked (12.7%), window size: (32, 32)
2025-11-16 16:08:45,284 [INFO] Vector masks computed: 3 passes
2025-11-16 16:08:45,289 [INFO] Successfully cached window padding for 3 passes
2025-11-16 16:08:45,292 [INFO] Successfully cached interpolation grids for 3 passes
2025-11-16 16:08:45,343 [INFO] Broadcast correlator cache to all workers
2025-11-16 16:08:45,346 [INFO] Broadcast vector masks to all workers (5.7 KB)
2025-11-16 16:08:45,350 [INFO] Submitting 100 independent tasks to cluster
2025-11-16 16:08:45,354 [INFO] Tasks submitted. Dask scheduler managing distribution across workers. Each worker processes ONE image at a time.
2025-11-16 16:08:50,735 [INFO] All 100 images processed successfully
2025-11-16 16:08:50,738 [INFO] PIV and save completed: 100 frames saved to /Users/morgan/Library/CloudStorage/OneDrive-UniversityofSouthampton/Documents/#current_processing/query_JHTDB/Planar_Images_with_wall/temporal/uncalibrated_piv/100/Cam1/instantaneous
2025-11-16 16:08:50,755 [INFO] Worker saved coordinates to /Users/morgan/Library/CloudStorage/OneDrive-UniversityofSouthampton/Documents/#current_processing/query_JHTDB/Planar_Images_with_wall/temporal/uncalibrated_piv/100/Cam1/instantaneous/coordinates.mat
2025-11-16 16:08:50,757 [INFO] Coordinates saved to /Users/morgan/Library/CloudStorage/OneDrive-UniversityofSouthampton/Documents/#current_processing/query_JHTDB/Planar_Images_with_wall/temporal/uncalibrated_piv/100/Cam1/instantaneous
Total elapsed time: 7.60 seconds
