2025-11-03 16:57:10,833 [INFO] Logging initialized. Level: INFO, File: pypiv.log
2025-11-03 16:57:10,836 [INFO] Auto-detected compute parameters:
2025-11-03 16:57:10,837 [INFO]   CPU cores: 20
2025-11-03 16:57:10,837 [INFO]   Total memory: 63.46 GB
2025-11-03 16:57:10,837 [INFO]   Workers per node: 20
2025-11-03 16:57:10,837 [INFO]   OMP threads: 2
2025-11-03 16:57:10,837 [INFO]   Memory per worker: 2.86GB
2025-11-03 16:57:10,837 [INFO]   Threads per worker: 1
2025-11-03 16:57:15,158 [INFO] Logging initialized. Level: INFO, File: pypiv.log
2025-11-03 16:57:15,169 [INFO] Logging initialized. Level: INFO, File: pypiv.log
2025-11-03 16:57:15,184 [INFO] Logging initialized. Level: INFO, File: pypiv.log
2025-11-03 16:57:15,265 [INFO] Logging initialized. Level: INFO, File: pypiv.log
2025-11-03 16:57:15,272 [INFO] Logging initialized. Level: INFO, File: pypiv.log
2025-11-03 16:57:15,279 [INFO] Logging initialized. Level: INFO, File: pypiv.log
2025-11-03 16:57:15,294 [INFO] Logging initialized. Level: INFO, File: pypiv.log
2025-11-03 16:57:15,330 [INFO] Logging initialized. Level: INFO, File: pypiv.log
2025-11-03 16:57:15,334 [INFO] Logging initialized. Level: INFO, File: pypiv.log
2025-11-03 16:57:15,341 [INFO] Logging initialized. Level: INFO, File: pypiv.log
2025-11-03 16:57:15,355 [INFO] Logging initialized. Level: INFO, File: pypiv.log
2025-11-03 16:57:15,355 [INFO] Logging initialized. Level: INFO, File: pypiv.log
2025-11-03 16:57:15,402 [INFO] Logging initialized. Level: INFO, File: pypiv.log
2025-11-03 16:57:15,403 [INFO] Logging initialized. Level: INFO, File: pypiv.log
2025-11-03 16:57:15,410 [INFO] Logging initialized. Level: INFO, File: pypiv.log
2025-11-03 16:57:15,435 [INFO] Logging initialized. Level: INFO, File: pypiv.log
2025-11-03 16:57:15,477 [INFO] Logging initialized. Level: INFO, File: pypiv.log
2025-11-03 16:57:15,477 [INFO] Logging initialized. Level: INFO, File: pypiv.log
2025-11-03 16:57:15,478 [INFO] Logging initialized. Level: INFO, File: pypiv.log
2025-11-03 16:57:15,480 [INFO] Logging initialized. Level: INFO, File: pypiv.log
2025-11-03 16:57:15,638 [INFO] Worker logging configured successfully
2025-11-03 16:57:15,638 [INFO] Worker logging configured successfully
2025-11-03 16:57:15,640 [INFO] Worker logging configured successfully
2025-11-03 16:57:15,640 [INFO] Worker logging configured successfully
2025-11-03 16:57:15,640 [INFO] Worker logging configured successfully
2025-11-03 16:57:15,641 [INFO] Worker logging configured successfully
2025-11-03 16:57:15,642 [INFO] Worker logging configured successfully
2025-11-03 16:57:15,642 [INFO] Worker logging configured successfully
2025-11-03 16:57:15,642 [INFO] Worker logging configured successfully
2025-11-03 16:57:15,642 [INFO] Worker logging configured successfully
2025-11-03 16:57:15,642 [INFO] Worker logging configured successfully
2025-11-03 16:57:15,642 [INFO] Worker logging configured successfully
2025-11-03 16:57:15,643 [INFO] Worker logging configured successfully
2025-11-03 16:57:15,643 [INFO] Worker logging configured successfully
2025-11-03 16:57:15,643 [INFO] Worker logging configured successfully
2025-11-03 16:57:15,644 [INFO] Worker logging configured successfully
2025-11-03 16:57:15,644 [INFO] Worker logging configured successfully
2025-11-03 16:57:15,644 [INFO] Worker logging configured successfully
2025-11-03 16:57:15,644 [INFO] Worker logging configured successfully
2025-11-03 16:57:15,644 [INFO] Worker logging configured successfully
2025-11-03 16:57:15,646 [INFO] Dask cluster started successfully
2025-11-03 16:57:15,646 [INFO] Dask Worker Info:
2025-11-03 16:57:15,646 [INFO] Worker tcp://127.0.0.1:64131
2025-11-03 16:57:15,647 [INFO]   pid: None
2025-11-03 16:57:15,647 [INFO]   host: 127.0.0.1
2025-11-03 16:57:15,647 [INFO]   local_dir: C:\Users\mtt1e23\AppData\Local\Temp\dask-scratch-space\worker-otfq23g6
2025-11-03 16:57:15,647 [INFO]   nanny: True
2025-11-03 16:57:15,647 [INFO] Dask Worker Info:
2025-11-03 16:57:15,647 [INFO] Worker tcp://127.0.0.1:64134
2025-11-03 16:57:15,647 [INFO]   pid: None
2025-11-03 16:57:15,648 [INFO]   host: 127.0.0.1
2025-11-03 16:57:15,648 [INFO]   local_dir: C:\Users\mtt1e23\AppData\Local\Temp\dask-scratch-space\worker-_d1x1862
2025-11-03 16:57:15,648 [INFO]   nanny: True
2025-11-03 16:57:15,648 [INFO] Dask Worker Info:
2025-11-03 16:57:15,648 [INFO] Worker tcp://127.0.0.1:64137
2025-11-03 16:57:15,648 [INFO]   pid: None
2025-11-03 16:57:15,648 [INFO]   host: 127.0.0.1
2025-11-03 16:57:15,648 [INFO]   local_dir: C:\Users\mtt1e23\AppData\Local\Temp\dask-scratch-space\worker-wxgi08fk
2025-11-03 16:57:15,648 [INFO]   nanny: True
2025-11-03 16:57:15,648 [INFO] Dask Worker Info:
2025-11-03 16:57:15,648 [INFO] Worker tcp://127.0.0.1:64148
2025-11-03 16:57:15,648 [INFO]   pid: None
2025-11-03 16:57:15,649 [INFO]   host: 127.0.0.1
2025-11-03 16:57:15,649 [INFO]   local_dir: C:\Users\mtt1e23\AppData\Local\Temp\dask-scratch-space\worker-21s68wce
2025-11-03 16:57:15,649 [INFO]   nanny: True
2025-11-03 16:57:15,649 [INFO] Dask Worker Info:
2025-11-03 16:57:15,649 [INFO] Worker tcp://127.0.0.1:64149
2025-11-03 16:57:15,649 [INFO]   pid: None
2025-11-03 16:57:15,649 [INFO]   host: 127.0.0.1
2025-11-03 16:57:15,649 [INFO]   local_dir: C:\Users\mtt1e23\AppData\Local\Temp\dask-scratch-space\worker-4bb052bz
2025-11-03 16:57:15,649 [INFO]   nanny: True
2025-11-03 16:57:15,649 [INFO] Processing camera: Cam1 (1/2 cameras)
2025-11-03 16:57:15,650 [INFO] Loading images from set file in directory: C:\Users\mtt1e23\Downloads\ims\ims for camera: Cam1
2025-11-03 16:57:15,884 [INFO] Auto-detected image shape: (2048, 2048)
2025-11-03 16:57:15,895 [INFO] Pre-computing vector masks for Cam1
2025-11-03 16:57:17,143 [INFO] Vector masks computed: 3 passes
2025-11-03 16:57:17,149 [INFO] Successfully cached window padding for 3 passes
2025-11-03 16:57:17,183 [INFO] Successfully cached interpolation grids for 3 passes
2025-11-03 16:57:17,668 [INFO] Pre-computed and broadcast correlator cache for distributed workers
2025-11-03 16:57:28,569 [INFO] Worker saved coordinates to C:\Users\mtt1e23\OneDrive - University of Southampton\Documents\#current_processing\query_JHTDB\Planar_Images_with_wall\bailey\uncalibrated_piv\100\Cam1\instantaneous\coordinates.mat
2025-11-03 16:57:44,862 [INFO] PIV and save completed: 100 frames saved to C:\Users\mtt1e23\OneDrive - University of Southampton\Documents\#current_processing\query_JHTDB\Planar_Images_with_wall\bailey\uncalibrated_piv\100\Cam1\instantaneous
2025-11-03 16:57:44,862 [INFO] Overall progress: 100/200 frames (50%) - Camera 1 complete
2025-11-03 16:57:44,864 [INFO] Coordinates saved to C:\Users\mtt1e23\OneDrive - University of Southampton\Documents\#current_processing\query_JHTDB\Planar_Images_with_wall\bailey\uncalibrated_piv\100\Cam1\instantaneous
2025-11-03 16:57:44,865 [INFO] Processing camera: Cam2 (2/2 cameras)
2025-11-03 16:57:44,865 [INFO] Loading images from set file in directory: C:\Users\mtt1e23\Downloads\ims\ims for camera: Cam2
2025-11-03 16:57:44,879 [INFO] Pre-computing vector masks for Cam2
2025-11-03 16:57:46,042 [INFO] Vector masks computed: 3 passes
2025-11-03 16:57:46,045 [INFO] Successfully cached window padding for 3 passes
2025-11-03 16:57:46,126 [INFO] Successfully cached interpolation grids for 3 passes
2025-11-03 16:57:46,670 [INFO] Pre-computed and broadcast correlator cache for distributed workers
2025-11-03 16:57:52,254 [ERROR] PIV processing failed: in <TCP (closed) Client->Scheduler local=tcp://127.0.0.1:63812 remote=tcp://127.0.0.1:65023>: ConnectionResetError: [WinError 10054] An existing connection was forcibly closed by the remote host
2025-11-03 16:57:52,257 [ERROR] PIV processing failed: finalize-hlgfinalizecompute-3b6c133ba28c4946b4613b7d768d8e8c cancelled for reason: scheduler-connection-lost.
Client lost the connection to the scheduler. Please check your connection and re-run your work.
2025-11-03 16:57:52,257 [ERROR] PIV processing failed: finalize-hlgfinalizecompute-cf1a42e66bbd4fa2843b75d4a036c0ca cancelled for reason: scheduler-connection-lost.
Client lost the connection to the scheduler. Please check your connection and re-run your work.
