2025-11-03 16:36:17,216 [INFO] Logging initialized. Level: INFO, File: pypiv.log
2025-11-03 16:36:17,219 [INFO] Auto-detected compute parameters:
2025-11-03 16:36:17,219 [INFO]   CPU cores: 20
2025-11-03 16:36:17,220 [INFO]   Total memory: 63.46 GB
2025-11-03 16:36:17,220 [INFO]   Workers per node: 20
2025-11-03 16:36:17,220 [INFO]   OMP threads: 2
2025-11-03 16:36:17,220 [INFO]   Memory per worker: 2.86GB
2025-11-03 16:36:17,220 [INFO]   Threads per worker: 1
2025-11-03 16:36:22,120 [INFO] Logging initialized. Level: INFO, File: pypiv.log
2025-11-03 16:36:22,133 [INFO] Logging initialized. Level: INFO, File: pypiv.log
2025-11-03 16:36:22,134 [INFO] Logging initialized. Level: INFO, File: pypiv.log
2025-11-03 16:36:22,155 [INFO] Logging initialized. Level: INFO, File: pypiv.log
2025-11-03 16:36:22,207 [INFO] Logging initialized. Level: INFO, File: pypiv.log
2025-11-03 16:36:22,208 [INFO] Logging initialized. Level: INFO, File: pypiv.log
2025-11-03 16:36:22,218 [INFO] Logging initialized. Level: INFO, File: pypiv.log
2025-11-03 16:36:22,230 [INFO] Logging initialized. Level: INFO, File: pypiv.log
2025-11-03 16:36:22,241 [INFO] Logging initialized. Level: INFO, File: pypiv.log
2025-11-03 16:36:22,241 [INFO] Logging initialized. Level: INFO, File: pypiv.log
2025-11-03 16:36:22,270 [INFO] Logging initialized. Level: INFO, File: pypiv.log
2025-11-03 16:36:22,297 [INFO] Logging initialized. Level: INFO, File: pypiv.log
2025-11-03 16:36:22,327 [INFO] Logging initialized. Level: INFO, File: pypiv.log
2025-11-03 16:36:22,363 [INFO] Logging initialized. Level: INFO, File: pypiv.log
2025-11-03 16:36:22,368 [INFO] Logging initialized. Level: INFO, File: pypiv.log
2025-11-03 16:36:22,370 [INFO] Logging initialized. Level: INFO, File: pypiv.log
2025-11-03 16:36:22,370 [INFO] Logging initialized. Level: INFO, File: pypiv.log
2025-11-03 16:36:22,385 [INFO] Logging initialized. Level: INFO, File: pypiv.log
2025-11-03 16:36:22,386 [INFO] Logging initialized. Level: INFO, File: pypiv.log
2025-11-03 16:36:22,404 [INFO] Logging initialized. Level: INFO, File: pypiv.log
2025-11-03 16:36:22,578 [INFO] Worker logging configured successfully
2025-11-03 16:36:22,578 [INFO] Worker logging configured successfully
2025-11-03 16:36:22,578 [INFO] Worker logging configured successfully
2025-11-03 16:36:22,578 [INFO] Worker logging configured successfully
2025-11-03 16:36:22,579 [INFO] Worker logging configured successfully
2025-11-03 16:36:22,579 [INFO] Worker logging configured successfully
2025-11-03 16:36:22,579 [INFO] Worker logging configured successfully
2025-11-03 16:36:22,580 [INFO] Worker logging configured successfully
2025-11-03 16:36:22,580 [INFO] Worker logging configured successfully
2025-11-03 16:36:22,580 [INFO] Worker logging configured successfully
2025-11-03 16:36:22,581 [INFO] Worker logging configured successfully
2025-11-03 16:36:22,582 [INFO] Worker logging configured successfully
2025-11-03 16:36:22,582 [INFO] Worker logging configured successfully
2025-11-03 16:36:22,582 [INFO] Worker logging configured successfully
2025-11-03 16:36:22,582 [INFO] Worker logging configured successfully
2025-11-03 16:36:22,583 [INFO] Worker logging configured successfully
2025-11-03 16:36:22,583 [INFO] Worker logging configured successfully
2025-11-03 16:36:22,583 [INFO] Worker logging configured successfully
2025-11-03 16:36:22,583 [INFO] Worker logging configured successfully
2025-11-03 16:36:22,583 [INFO] Worker logging configured successfully
2025-11-03 16:36:22,584 [INFO] Dask cluster started successfully
2025-11-03 16:36:22,585 [INFO] Dask Worker Info:
2025-11-03 16:36:22,585 [INFO] Worker tcp://127.0.0.1:53428
2025-11-03 16:36:22,586 [INFO]   pid: None
2025-11-03 16:36:22,586 [INFO]   host: 127.0.0.1
2025-11-03 16:36:22,586 [INFO]   local_dir: C:\Users\mtt1e23\AppData\Local\Temp\dask-scratch-space\worker-iqu6pgbn
2025-11-03 16:36:22,586 [INFO]   nanny: True
2025-11-03 16:36:22,586 [INFO] Dask Worker Info:
2025-11-03 16:36:22,586 [INFO] Worker tcp://127.0.0.1:53429
2025-11-03 16:36:22,586 [INFO]   pid: None
2025-11-03 16:36:22,587 [INFO]   host: 127.0.0.1
2025-11-03 16:36:22,587 [INFO]   local_dir: C:\Users\mtt1e23\AppData\Local\Temp\dask-scratch-space\worker-egctet7v
2025-11-03 16:36:22,587 [INFO]   nanny: True
2025-11-03 16:36:22,587 [INFO] Dask Worker Info:
2025-11-03 16:36:22,587 [INFO] Worker tcp://127.0.0.1:53430
2025-11-03 16:36:22,587 [INFO]   pid: None
2025-11-03 16:36:22,587 [INFO]   host: 127.0.0.1
2025-11-03 16:36:22,587 [INFO]   local_dir: C:\Users\mtt1e23\AppData\Local\Temp\dask-scratch-space\worker-3s76pa4s
2025-11-03 16:36:22,587 [INFO]   nanny: True
2025-11-03 16:36:22,587 [INFO] Dask Worker Info:
2025-11-03 16:36:22,587 [INFO] Worker tcp://127.0.0.1:53437
2025-11-03 16:36:22,588 [INFO]   pid: None
2025-11-03 16:36:22,588 [INFO]   host: 127.0.0.1
2025-11-03 16:36:22,588 [INFO]   local_dir: C:\Users\mtt1e23\AppData\Local\Temp\dask-scratch-space\worker-c_36r21z
2025-11-03 16:36:22,588 [INFO]   nanny: True
2025-11-03 16:36:22,588 [INFO] Dask Worker Info:
2025-11-03 16:36:22,588 [INFO] Worker tcp://127.0.0.1:53452
2025-11-03 16:36:22,588 [INFO]   pid: None
2025-11-03 16:36:22,588 [INFO]   host: 127.0.0.1
2025-11-03 16:36:22,588 [INFO]   local_dir: C:\Users\mtt1e23\AppData\Local\Temp\dask-scratch-space\worker-a3rq9hcv
2025-11-03 16:36:22,588 [INFO]   nanny: True
2025-11-03 16:36:22,588 [INFO] Processing camera: Cam1
2025-11-03 16:36:22,589 [INFO] Loading images from set file in directory: C:\Users\mtt1e23\Downloads\ims\ims for camera: Cam1
2025-11-03 16:36:23,403 [INFO] Auto-detected image shape: (2048, 2048)
2025-11-03 16:36:23,430 [INFO] Pre-computing vector masks for Cam1
2025-11-03 16:36:24,701 [INFO] Vector masks computed: 3 passes
2025-11-03 16:36:24,797 [INFO] Successfully cached window padding for 3 passes
2025-11-03 16:36:24,835 [INFO] Successfully cached interpolation grids for 3 passes
2025-11-03 16:36:25,300 [INFO] Pre-computed and broadcast correlator cache for distributed workers
2025-11-03 16:37:19,117 - distributed.worker - ERROR - Failed to communicate with scheduler during heartbeat.
Traceback (most recent call last):
  File "c:\Users\mtt1e23\OneDrive - University of Southampton\Documents\python-PIVTOOLs\env\Lib\site-packages\tornado\iostream.py", line 861, in _read_to_buffer
    bytes_read = self.read_from_fd(buf)
  File "c:\Users\mtt1e23\OneDrive - University of Southampton\Documents\python-PIVTOOLs\env\Lib\site-packages\tornado\iostream.py", line 1113, in read_from_fd
    return self.socket.recv_into(buf, len(buf))
           ~~~~~~~~~~~~~~~~~~~~~^^^^^^^^^^^^^^^
ConnectionResetError: [WinError 10054] An existing connection was forcibly closed by the remote host

The above exception was the direct cause of the following exception:

Traceback (most recent call last):
  File "c:\Users\mtt1e23\OneDrive - University of Southampton\Documents\python-PIVTOOLs\env\Lib\site-packages\distributed\worker.py", line 1267, in heartbeat
    response = await retry_operation(
               ^^^^^^^^^^^^^^^^^^^^^^
    ...<14 lines>...
    )
    ^
  File "c:\Users\mtt1e23\OneDrive - University of Southampton\Documents\python-PIVTOOLs\env\Lib\site-packages\distributed\utils_comm.py", line 416, in retry_operation
    return await retry(
           ^^^^^^^^^^^^
    ...<5 lines>...
    )
    ^
  File "c:\Users\mtt1e23\OneDrive - University of Southampton\Documents\python-PIVTOOLs\env\Lib\site-packages\distributed\utils_comm.py", line 395, in retry
    return await coro()
           ^^^^^^^^^^^^
  File "c:\Users\mtt1e23\OneDrive - University of Southampton\Documents\python-PIVTOOLs\env\Lib\site-packages\distributed\core.py", line 1259, in send_recv_from_rpc
    return await send_recv(comm=comm, op=key, **kwargs)
           ^^^^^^^^^^^^^^^^^^^^^^^^^^^^^^^^^^^^^^^^^^^^
  File "c:\Users\mtt1e23\OneDrive - University of Southampton\Documents\python-PIVTOOLs\env\Lib\site-packages\distributed\core.py", line 1018, in send_recv
    response = await comm.read(deserializers=deserializers)
               ^^^^^^^^^^^^^^^^^^^^^^^^^^^^^^^^^^^^^^^^^^^^
  File "c:\Users\mtt1e23\OneDrive - University of Southampton\Documents\python-PIVTOOLs\env\Lib\site-packages\distributed\comm\tcp.py", line 237, in read
    convert_stream_closed_error(self, e)
    ~~~~~~~~~~~~~~~~~~~~~~~~~~~^^^^^^^^^
  File "c:\Users\mtt1e23\OneDrive - University of Southampton\Documents\python-PIVTOOLs\env\Lib\site-packages\distributed\comm\tcp.py", line 143, in convert_stream_closed_error
    raise CommClosedError(f"in {obj}: {exc.__class__.__name__}: {exc}") from exc
distributed.comm.core.CommClosedError: in <TCP (closed) ConnectionPool.heartbeat_worker local=tcp://127.0.0.1:59104 remote=tcp://127.0.0.1:65321>: ConnectionResetError: [WinError 10054] An existing connection was forcibly closed by the remote host
2025-11-03 16:37:19,118 - distributed.worker - ERROR - Failed to communicate with scheduler during heartbeat.
Traceback (most recent call last):
  File "c:\Users\mtt1e23\OneDrive - University of Southampton\Documents\python-PIVTOOLs\env\Lib\site-packages\tornado\iostream.py", line 861, in _read_to_buffer
    bytes_read = self.read_from_fd(buf)
  File "c:\Users\mtt1e23\OneDrive - University of Southampton\Documents\python-PIVTOOLs\env\Lib\site-packages\tornado\iostream.py", line 1113, in read_from_fd
    return self.socket.recv_into(buf, len(buf))
           ~~~~~~~~~~~~~~~~~~~~~^^^^^^^^^^^^^^^
ConnectionResetError: [WinError 10054] An existing connection was forcibly closed by the remote host

The above exception was the direct cause of the following exception:

Traceback (most recent call last):
  File "c:\Users\mtt1e23\OneDrive - University of Southampton\Documents\python-PIVTOOLs\env\Lib\site-packages\distributed\worker.py", line 1267, in heartbeat
    response = await retry_operation(
               ^^^^^^^^^^^^^^^^^^^^^^
    ...<14 lines>...
    )
    ^
  File "c:\Users\mtt1e23\OneDrive - University of Southampton\Documents\python-PIVTOOLs\env\Lib\site-packages\distributed\utils_comm.py", line 416, in retry_operation
    return await retry(
           ^^^^^^^^^^^^
    ...<5 lines>...
    )
    ^
  File "c:\Users\mtt1e23\OneDrive - University of Southampton\Documents\python-PIVTOOLs\env\Lib\site-packages\distributed\utils_comm.py", line 395, in retry
    return await coro()
           ^^^^^^^^^^^^
  File "c:\Users\mtt1e23\OneDrive - University of Southampton\Documents\python-PIVTOOLs\env\Lib\site-packages\distributed\core.py", line 1259, in send_recv_from_rpc
    return await send_recv(comm=comm, op=key, **kwargs)
           ^^^^^^^^^^^^^^^^^^^^^^^^^^^^^^^^^^^^^^^^^^^^
  File "c:\Users\mtt1e23\OneDrive - University of Southampton\Documents\python-PIVTOOLs\env\Lib\site-packages\distributed\core.py", line 1018, in send_recv
    response = await comm.read(deserializers=deserializers)
               ^^^^^^^^^^^^^^^^^^^^^^^^^^^^^^^^^^^^^^^^^^^^
  File "c:\Users\mtt1e23\OneDrive - University of Southampton\Documents\python-PIVTOOLs\env\Lib\site-packages\distributed\comm\tcp.py", line 237, in read
    convert_stream_closed_error(self, e)
    ~~~~~~~~~~~~~~~~~~~~~~~~~~~^^^^^^^^^
  File "c:\Users\mtt1e23\OneDrive - University of Southampton\Documents\python-PIVTOOLs\env\Lib\site-packages\distributed\comm\tcp.py", line 143, in convert_stream_closed_error
    raise CommClosedError(f"in {obj}: {exc.__class__.__name__}: {exc}") from exc
distributed.comm.core.CommClosedError: in <TCP (closed) ConnectionPool.heartbeat_worker local=tcp://127.0.0.1:54874 remote=tcp://127.0.0.1:65321>: ConnectionResetError: [WinError 10054] An existing connection was forcibly closed by the remote host
