2025-11-07 12:05:47,065 [INFO] Logging initialized. Level: INFO, File: pypiv.log
2025-11-07 12:05:50,042 [INFO] Logging initialized. Level: INFO, File: pypiv.log
2025-11-07 12:05:50,205 [INFO] Worker logging configured successfully
2025-11-07 12:05:50,205 [INFO] Dask cluster started successfully
2025-11-07 12:05:50,206 [INFO] Dask Worker Info:
2025-11-07 12:05:50,206 [INFO] Worker tcp://127.0.0.1:49678
2025-11-07 12:05:50,206 [INFO]   pid: None
2025-11-07 12:05:50,206 [INFO]   host: 127.0.0.1
2025-11-07 12:05:50,206 [INFO]   local_dir: C:\Users\mtt1e23\AppData\Local\Temp\dask-scratch-space\worker-f0xs6z2i
2025-11-07 12:05:50,207 [INFO]   nanny: True
2025-11-07 12:05:50,207 [INFO] Processing camera: Cam1
2025-11-07 12:05:50.207 | INFO     | image_handling.load_images:load_images:191 - Creating 50 delayed tasks for lazy loading (Cam1)
2025-11-07 12:05:50,849 [INFO] Auto-detected image shape: (3248, 4872)
2025-11-07 12:05:50.852 | INFO     | image_handling.load_images:load_images:205 - Lazy loading complete: 50 independent delayed tasks created (~50 KB memory footprint)
2025-11-07 12:05:50,852 [INFO] Filter 'pod' requires batching. Using batch_size=50
2025-11-07 12:05:50,852 [INFO] Rechunking images for batch processing (batch_size=50)
2025-11-07 12:05:50,853 [INFO] Applying filter: {'type': 'pod'}
2025-11-07 12:05:50,853 [INFO] Rechunking back to single images for PIV processing
2025-11-07 12:05:50.854 | DEBUG    | image_handling.load_images:load_mask_for_camera:310 - Loading mask for Cam1 from D:\DAVIS_BFS\gF_Ramp_experiment\BFS_1500_1\mask_Cam1.mat
2025-11-07 12:05:50.896 | DEBUG    | image_handling.load_images:load_mask_for_camera:321 - Mask loaded: 5209970/15824256 pixels masked (32.9%)
2025-11-07 12:05:50,896 [INFO] Pre-computing vector masks for Cam1
2025-11-07 12:05:52.697 | DEBUG    | image_handling.load_images:compute_vector_mask:458 - Pass 1: 1240/3675 vectors masked (33.7%), window size: (128, 128)
2025-11-07 12:05:53.696 | DEBUG    | image_handling.load_images:compute_vector_mask:458 - Pass 2: 5083/15100 vectors masked (33.7%), window size: (64, 64)
2025-11-07 12:05:54.259 | DEBUG    | image_handling.load_images:compute_vector_mask:458 - Pass 3: 20446/61206 vectors masked (33.4%), window size: (32, 32)
2025-11-07 12:05:54,263 [INFO] Vector masks computed: 3 passes
2025-11-07 12:05:54,356 [INFO] Successfully cached window padding for 3 passes
2025-11-07 12:05:54,477 [INFO] Successfully cached interpolation grids for 3 passes
2025-11-07 12:05:54,848 [INFO] Broadcast correlator cache to all workers
2025-11-07 12:05:54,850 [INFO] Broadcast vector masks to all workers (78.1 KB)
2025-11-07 12:05:54,853 [INFO] Submitting 50 independent tasks to cluster
2025-11-07 12:05:54,857 [INFO] Tasks submitted. Dask scheduler managing distribution across workers. Each worker processes ONE image at a time.
2025-11-07 12:07:57,341 [INFO] All 50 images processed successfully
2025-11-07 12:07:57,358 [INFO] PIV and save completed: 50 frames saved to C:\Users\mtt1e23\Downloads\calibrated_piv_morgan\uncalibrated_piv\50\Cam1\instantaneous
2025-11-07 12:07:57,393 [INFO] Worker saved coordinates to C:\Users\mtt1e23\Downloads\calibrated_piv_morgan\uncalibrated_piv\50\Cam1\instantaneous\coordinates.mat
2025-11-07 12:07:57,396 [INFO] Coordinates saved to C:\Users\mtt1e23\Downloads\calibrated_piv_morgan\uncalibrated_piv\50\Cam1\instantaneous
Total elapsed time: 130.32 seconds
