2025-11-03 17:03:22,339 [INFO] Logging initialized. Level: INFO, File: pypiv.log
2025-11-03 17:03:22,342 [INFO] Auto-detected compute parameters:
2025-11-03 17:03:22,342 [INFO]   CPU cores: 20
2025-11-03 17:03:22,342 [INFO]   Total memory: 63.46 GB
2025-11-03 17:03:22,343 [INFO]   Workers per node: 20
2025-11-03 17:03:22,343 [INFO]   OMP threads: 2
2025-11-03 17:03:22,343 [INFO]   Memory per worker: 2.86GB
2025-11-03 17:03:22,343 [INFO]   Threads per worker: 1
2025-11-03 17:03:26,652 [INFO] Logging initialized. Level: INFO, File: pypiv.log
2025-11-03 17:03:26,746 [INFO] Logging initialized. Level: INFO, File: pypiv.log
2025-11-03 17:03:26,776 [INFO] Logging initialized. Level: INFO, File: pypiv.log
2025-11-03 17:03:26,785 [INFO] Logging initialized. Level: INFO, File: pypiv.log
2025-11-03 17:03:26,798 [INFO] Logging initialized. Level: INFO, File: pypiv.log
2025-11-03 17:03:26,809 [INFO] Logging initialized. Level: INFO, File: pypiv.log
2025-11-03 17:03:26,819 [INFO] Logging initialized. Level: INFO, File: pypiv.log
2025-11-03 17:03:26,824 [INFO] Logging initialized. Level: INFO, File: pypiv.log
2025-11-03 17:03:26,851 [INFO] Logging initialized. Level: INFO, File: pypiv.log
2025-11-03 17:03:26,864 [INFO] Logging initialized. Level: INFO, File: pypiv.log
2025-11-03 17:03:26,954 [INFO] Logging initialized. Level: INFO, File: pypiv.log
2025-11-03 17:03:26,962 [INFO] Logging initialized. Level: INFO, File: pypiv.log
2025-11-03 17:03:26,968 [INFO] Logging initialized. Level: INFO, File: pypiv.log
2025-11-03 17:03:27,014 [INFO] Logging initialized. Level: INFO, File: pypiv.log
2025-11-03 17:03:27,018 [INFO] Logging initialized. Level: INFO, File: pypiv.log
2025-11-03 17:03:27,019 [INFO] Logging initialized. Level: INFO, File: pypiv.log
2025-11-03 17:03:27,019 [INFO] Logging initialized. Level: INFO, File: pypiv.log
2025-11-03 17:03:27,020 [INFO] Logging initialized. Level: INFO, File: pypiv.log
2025-11-03 17:03:27,023 [INFO] Logging initialized. Level: INFO, File: pypiv.log
2025-11-03 17:03:27,032 [INFO] Logging initialized. Level: INFO, File: pypiv.log
2025-11-03 17:03:27,185 [INFO] Worker logging configured successfully
2025-11-03 17:03:27,185 [INFO] Worker logging configured successfully
2025-11-03 17:03:27,185 [INFO] Worker logging configured successfully
2025-11-03 17:03:27,186 [INFO] Worker logging configured successfully
2025-11-03 17:03:27,186 [INFO] Worker logging configured successfully
2025-11-03 17:03:27,186 [INFO] Worker logging configured successfully
2025-11-03 17:03:27,188 [INFO] Worker logging configured successfully
2025-11-03 17:03:27,189 [INFO] Worker logging configured successfully
2025-11-03 17:03:27,189 [INFO] Worker logging configured successfully
2025-11-03 17:03:27,189 [INFO] Worker logging configured successfully
2025-11-03 17:03:27,189 [INFO] Worker logging configured successfully
2025-11-03 17:03:27,190 [INFO] Worker logging configured successfully
2025-11-03 17:03:27,190 [INFO] Worker logging configured successfully
2025-11-03 17:03:27,191 [INFO] Worker logging configured successfully
2025-11-03 17:03:27,191 [INFO] Worker logging configured successfully
2025-11-03 17:03:27,191 [INFO] Worker logging configured successfully
2025-11-03 17:03:27,192 [INFO] Worker logging configured successfully
2025-11-03 17:03:27,192 [INFO] Worker logging configured successfully
2025-11-03 17:03:27,192 [INFO] Worker logging configured successfully
2025-11-03 17:03:27,192 [INFO] Worker logging configured successfully
2025-11-03 17:03:27,194 [INFO] Dask cluster started successfully
2025-11-03 17:03:27,196 [INFO] Dask Worker Info:
2025-11-03 17:03:27,196 [INFO] Worker tcp://127.0.0.1:52984
2025-11-03 17:03:27,196 [INFO]   pid: None
2025-11-03 17:03:27,196 [INFO]   host: 127.0.0.1
2025-11-03 17:03:27,196 [INFO]   local_dir: C:\Users\mtt1e23\AppData\Local\Temp\dask-scratch-space\worker-m89l3zbz
2025-11-03 17:03:27,196 [INFO]   nanny: True
2025-11-03 17:03:27,197 [INFO] Dask Worker Info:
2025-11-03 17:03:27,197 [INFO] Worker tcp://127.0.0.1:52985
2025-11-03 17:03:27,197 [INFO]   pid: None
2025-11-03 17:03:27,197 [INFO]   host: 127.0.0.1
2025-11-03 17:03:27,197 [INFO]   local_dir: C:\Users\mtt1e23\AppData\Local\Temp\dask-scratch-space\worker-ll67_n00
2025-11-03 17:03:27,197 [INFO]   nanny: True
2025-11-03 17:03:27,197 [INFO] Dask Worker Info:
2025-11-03 17:03:27,197 [INFO] Worker tcp://127.0.0.1:52996
2025-11-03 17:03:27,197 [INFO]   pid: None
2025-11-03 17:03:27,198 [INFO]   host: 127.0.0.1
2025-11-03 17:03:27,198 [INFO]   local_dir: C:\Users\mtt1e23\AppData\Local\Temp\dask-scratch-space\worker-tddwy1ms
2025-11-03 17:03:27,198 [INFO]   nanny: True
2025-11-03 17:03:27,198 [INFO] Dask Worker Info:
2025-11-03 17:03:27,198 [INFO] Worker tcp://127.0.0.1:52997
2025-11-03 17:03:27,198 [INFO]   pid: None
2025-11-03 17:03:27,198 [INFO]   host: 127.0.0.1
2025-11-03 17:03:27,198 [INFO]   local_dir: C:\Users\mtt1e23\AppData\Local\Temp\dask-scratch-space\worker-kk43l0co
2025-11-03 17:03:27,198 [INFO]   nanny: True
2025-11-03 17:03:27,198 [INFO] Dask Worker Info:
2025-11-03 17:03:27,198 [INFO] Worker tcp://127.0.0.1:52998
2025-11-03 17:03:27,199 [INFO]   pid: None
2025-11-03 17:03:27,199 [INFO]   host: 127.0.0.1
2025-11-03 17:03:27,199 [INFO]   local_dir: C:\Users\mtt1e23\AppData\Local\Temp\dask-scratch-space\worker-zeg_xcdh
2025-11-03 17:03:27,199 [INFO]   nanny: True
2025-11-03 17:03:27,199 [INFO] Processing camera: Cam1 (1/2 cameras)
2025-11-03 17:03:27,199 [INFO] Loading images from set file in directory: C:\Users\mtt1e23\Downloads\ims\ims for camera: Cam1
2025-11-03 17:03:27,428 [INFO] Auto-detected image shape: (2048, 2048)
2025-11-03 17:03:27,440 [INFO] Pre-computing vector masks for Cam1
2025-11-03 17:03:28,701 [INFO] Vector masks computed: 3 passes
2025-11-03 17:03:28,708 [INFO] Successfully cached window padding for 3 passes
2025-11-03 17:03:28,746 [INFO] Successfully cached interpolation grids for 3 passes
2025-11-03 17:03:29,156 [INFO] Pre-computed and broadcast correlator cache for distributed workers
