2025-11-04 19:50:32,797 [INFO] Logging initialized. Level: INFO, File: pypiv.log
2025-11-04 19:50:35,488 [INFO] Logging initialized. Level: INFO, File: pypiv.log
2025-11-04 19:50:35,725 [INFO] Worker logging configured successfully
2025-11-04 19:50:35,726 [INFO] Dask cluster started successfully
2025-11-04 19:50:35,727 [INFO] Dask Worker Info:
2025-11-04 19:50:35,727 [INFO] Worker tcp://127.0.0.1:57929
2025-11-04 19:50:35,727 [INFO]   pid: None
2025-11-04 19:50:35,727 [INFO]   host: 127.0.0.1
2025-11-04 19:50:35,727 [INFO]   local_dir: C:\Users\mtt1e23\AppData\Local\Temp\dask-scratch-space\worker-jeioz126
2025-11-04 19:50:35,735 [INFO]   nanny: True
Error: Camera numbers [1, 2] must be between 1 and 1
Traceback:
Traceback (most recent call last):
  File "c:\Users\mtt1e23\OneDrive - University of Southampton\Documents\python-PIVTOOLs\pypivtools\example.py", line 55, in <module>
    camera_numbers = config.camera_numbers
                     ^^^^^^^^^^^^^^^^^^^^^
  File "c:\Users\mtt1e23\OneDrive - University of Southampton\Documents\python-PIVTOOLs\src\config.py", line 68, in camera_numbers
    raise ValueError(f"Camera numbers {numbers} must be between 1 and {max_allowed}")
ValueError: Camera numbers [1, 2] must be between 1 and 1
Total elapsed time: 2.94 seconds
